This file contains any messages produced by compilers while
running configure, to aid debugging if configure makes a mistake.

It was created by AIB Core configure 5.13.3, which was
generated by GNU Autoconf 2.71.  Invocation command line was

  $ ./configure --disable-wallet --disable-tests --disable-gui-tests --without-gui --without-miniupnpc --without-zmq --disable-bench

## --------- ##
## Platform. ##
## --------- ##

hostname = 9328c55f5607
uname -m = x86_64
uname -r = 5.15.0-25-generic
uname -s = Linux
uname -v = #25-Ubuntu SMP Wed Mar 30 15:54:22 UTC 2022

/usr/bin/uname -p = unknown
/bin/uname -X     = unknown

/bin/arch              = x86_64
/usr/bin/arch -k       = unknown
/usr/convex/getsysinfo = unknown
/usr/bin/hostinfo      = unknown
/bin/machine           = unknown
/usr/bin/oslevel       = unknown
/bin/universe          = unknown

PATH: /usr/local/bin/
PATH: /usr/bin/
PATH: /bin/
PATH: /usr/local/games/
PATH: /usr/games/


## ----------- ##
## Core tests. ##
## ----------- ##

configure:3318: looking for aux files: compile ltmain.sh missing install-sh config.guess config.sub
configure:3331:  trying ./build-aux/
configure:3360:   ./build-aux/compile found
configure:3360:   ./build-aux/ltmain.sh found
configure:3360:   ./build-aux/missing found
configure:3342:   ./build-aux/install-sh found
configure:3360:   ./build-aux/config.guess found
configure:3360:   ./build-aux/config.sub found
configure:3489: checking build system type
configure:3504: result: x86_64-pc-linux-gnu
configure:3524: checking host system type
configure:3538: result: x86_64-pc-linux-gnu
configure:3582: checking for a BSD-compatible install
configure:3655: result: /usr/bin/install -c
configure:3666: checking whether build environment is sane
configure:3721: result: yes
configure:3880: checking for a race-free mkdir -p
configure:3924: result: /usr/bin/mkdir -p
configure:3931: checking for gawk
configure:3966: result: no
configure:3931: checking for mawk
configure:3952: found /usr/bin/mawk
configure:3963: result: mawk
configure:3974: checking whether make sets $(MAKE)
configure:3997: result: yes
configure:4027: checking whether make supports nested variables
configure:4045: result: yes
configure:4178: checking whether to enable maintainer-specific portions of Makefiles
configure:4188: result: yes
configure:4214: checking whether make supports nested variables
configure:4232: result: yes
configure:4318: checking for g++
configure:4339: found /usr/bin/g++
configure:4350: result: g++
configure:4377: checking for C++ compiler version
configure:4386: g++ --version >&5
g++ (Debian 12.2.0-14+deb12u1) 12.2.0
Copyright (C) 2022 Free Software Foundation, Inc.
This is free software; see the source for copying conditions.  There is NO
warranty; not even for MERCHANTABILITY or FITNESS FOR A PARTICULAR PURPOSE.

configure:4397: $? = 0
configure:4386: g++ -v >&5
Using built-in specs.
COLLECT_GCC=g++
COLLECT_LTO_WRAPPER=/usr/lib/gcc/x86_64-linux-gnu/12/lto-wrapper
OFFLOAD_TARGET_NAMES=nvptx-none:amdgcn-amdhsa
OFFLOAD_TARGET_DEFAULT=1
Target: x86_64-linux-gnu
Configured with: ../src/configure -v --with-pkgversion='Debian 12.2.0-14+deb12u1' --with-bugurl=file:///usr/share/doc/gcc-12/README.Bugs --enable-languages=c,ada,c++,go,d,fortran,objc,obj-c++,m2 --prefix=/usr --with-gcc-major-version-only --program-suffix=-12 --program-prefix=x86_64-linux-gnu- --enable-shared --enable-linker-build-id --libexecdir=/usr/lib --without-included-gettext --enable-threads=posix --libdir=/usr/lib --enable-nls --enable-clocale=gnu --enable-libstdcxx-debug --enable-libstdcxx-time=yes --with-default-libstdcxx-abi=new --enable-gnu-unique-object --disable-vtable-verify --enable-plugin --enable-default-pie --with-system-zlib --enable-libphobos-checking=release --with-target-system-zlib=auto --enable-objc-gc=auto --enable-multiarch --disable-werror --enable-cet --with-arch-32=i686 --with-abi=m64 --with-multilib-list=m32,m64,mx32 --enable-multilib --with-tune=generic --enable-offload-targets=nvptx-none=/build/reproducible-path/gcc-12-12.2.0/debian/tmp-nvptx/usr,amdgcn-amdhsa=/build/reproducible-path/gcc-12-12.2.0/debian/tmp-gcn/usr --enable-offload-defaulted --without-cuda-driver --enable-checking=release --build=x86_64-linux-gnu --host=x86_64-linux-gnu --target=x86_64-linux-gnu
Thread model: posix
Supported LTO compression algorithms: zlib zstd
gcc version 12.2.0 (Debian 12.2.0-14+deb12u1) 
... rest of stderr output deleted ...
configure:4397: $? = 0
configure:4386: g++ -V >&5
g++: error: unrecognized command-line option '-V'
g++: fatal error: no input files
compilation terminated.
configure:4397: $? = 1
configure:4386: g++ -qversion >&5
g++: error: unrecognized command-line option '-qversion'; did you mean '--version'?
g++: fatal error: no input files
compilation terminated.
configure:4397: $? = 1
configure:4417: checking whether the C++ compiler works
configure:4439: g++    conftest.cpp  >&5
configure:4443: $? = 0
configure:4493: result: yes
configure:4496: checking for C++ compiler default output file name
configure:4498: result: a.out
configure:4504: checking for suffix of executables
configure:4511: g++ -o conftest    conftest.cpp  >&5
configure:4515: $? = 0
configure:4538: result: 
configure:4560: checking whether we are cross compiling
configure:4568: g++ -o conftest    conftest.cpp  >&5
configure:4572: $? = 0
configure:4579: ./conftest
configure:4583: $? = 0
configure:4598: result: no
configure:4603: checking for suffix of object files
configure:4626: g++ -c   conftest.cpp >&5
configure:4630: $? = 0
configure:4652: result: o
configure:4656: checking whether the compiler supports GNU C++
configure:4676: g++ -c   conftest.cpp >&5
configure:4676: $? = 0
configure:4686: result: yes
configure:4697: checking whether g++ accepts -g
configure:4718: g++ -c -g  conftest.cpp >&5
configure:4718: $? = 0
configure:4762: result: yes
configure:4782: checking for g++ option to enable C++11 features
configure:4797: g++  -c -g -O2  conftest.cpp >&5
conftest.cpp: In function 'int main(int, char**)':
conftest.cpp:175:25: warning: empty parentheses were disambiguated as a function declaration [-Wvexing-parse]
  175 |   cxx11test::delegate d2();
      |                         ^~
conftest.cpp:175:25: note: remove parentheses to default-initialize a variable
  175 |   cxx11test::delegate d2();
      |                         ^~
      |                         --
conftest.cpp:175:25: note: or replace parentheses with braces to value-initialize a variable
configure:4797: $? = 0
configure:4815: result: none needed
configure:4882: checking whether make supports the include directive
configure:4897: make -f confmf.GNU && cat confinc.out
this is the am__doit target
configure:4900: $? = 0
configure:4919: result: yes (GNU style)
configure:4945: checking dependency style of g++
configure:5057: result: gcc3
configure:5086: checking whether g++ supports C++11 features by default
configure:5381: g++ -c -g -O2  conftest.cpp >&5
configure:5381: $? = 0
configure:5389: result: yes
configure:5751: checking whether std::atomic can be used without link library
configure:5769: g++ -o conftest -g -O2   conftest.cpp  >&5
configure:5769: $? = 0
configure:5772: result: yes
configure:5948: checking for Objective C++ compiler version
configure:5957: g++ --version >&5
g++ (Debian 12.2.0-14+deb12u1) 12.2.0
Copyright (C) 2022 Free Software Foundation, Inc.
This is free software; see the source for copying conditions.  There is NO
warranty; not even for MERCHANTABILITY or FITNESS FOR A PARTICULAR PURPOSE.

configure:5968: $? = 0
configure:5957: g++ -v >&5
Using built-in specs.
COLLECT_GCC=g++
COLLECT_LTO_WRAPPER=/usr/lib/gcc/x86_64-linux-gnu/12/lto-wrapper
OFFLOAD_TARGET_NAMES=nvptx-none:amdgcn-amdhsa
OFFLOAD_TARGET_DEFAULT=1
Target: x86_64-linux-gnu
Configured with: ../src/configure -v --with-pkgversion='Debian 12.2.0-14+deb12u1' --with-bugurl=file:///usr/share/doc/gcc-12/README.Bugs --enable-languages=c,ada,c++,go,d,fortran,objc,obj-c++,m2 --prefix=/usr --with-gcc-major-version-only --program-suffix=-12 --program-prefix=x86_64-linux-gnu- --enable-shared --enable-linker-build-id --libexecdir=/usr/lib --without-included-gettext --enable-threads=posix --libdir=/usr/lib --enable-nls --enable-clocale=gnu --enable-libstdcxx-debug --enable-libstdcxx-time=yes --with-default-libstdcxx-abi=new --enable-gnu-unique-object --disable-vtable-verify --enable-plugin --enable-default-pie --with-system-zlib --enable-libphobos-checking=release --with-target-system-zlib=auto --enable-objc-gc=auto --enable-multiarch --disable-werror --enable-cet --with-arch-32=i686 --with-abi=m64 --with-multilib-list=m32,m64,mx32 --enable-multilib --with-tune=generic --enable-offload-targets=nvptx-none=/build/reproducible-path/gcc-12-12.2.0/debian/tmp-nvptx/usr,amdgcn-amdhsa=/build/reproducible-path/gcc-12-12.2.0/debian/tmp-gcn/usr --enable-offload-defaulted --without-cuda-driver --enable-checking=release --build=x86_64-linux-gnu --host=x86_64-linux-gnu --target=x86_64-linux-gnu
Thread model: posix
Supported LTO compression algorithms: zlib zstd
gcc version 12.2.0 (Debian 12.2.0-14+deb12u1) 
... rest of stderr output deleted ...
configure:5968: $? = 0
configure:5957: g++ -V >&5
g++: error: unrecognized command-line option '-V'
g++: fatal error: no input files
compilation terminated.
configure:5968: $? = 1
configure:5957: g++ -qversion >&5
g++: error: unrecognized command-line option '-qversion'; did you mean '--version'?
g++: fatal error: no input files
compilation terminated.
configure:5968: $? = 1
configure:5972: checking whether the compiler supports GNU Objective C++
configure:5992: g++ -c   conftest.mm >&5
g++: fatal error: cannot execute 'cc1objplus': execvp: No such file or directory
compilation terminated.
configure:5992: $? = 1
configure: failed program was:
| /* confdefs.h */
| #define PACKAGE_NAME "AIB Core"
| #define PACKAGE_TARNAME "AIB"
| #define PACKAGE_VERSION "5.13.3"
| #define PACKAGE_STRING "AIB Core 5.13.3"
| #define PACKAGE_BUGREPORT "https://github.com/iobond/aib/issues"
| #define PACKAGE_URL "https://aib.one/"
| #define HAVE_CXX11 1
| /* end confdefs.h.  */
| 
| int
| main (void)
| {
| #ifndef __GNUC__
|        choke me
| #endif
| 
|   ;
|   return 0;
| }
configure:6002: result: no
configure:6013: checking whether g++ accepts -g
configure:6034: g++ -c -g  conftest.mm >&5
g++: fatal error: cannot execute 'cc1objplus': execvp: No such file or directory
compilation terminated.
configure:6034: $? = 1
configure: failed program was:
| /* confdefs.h */
| #define PACKAGE_NAME "AIB Core"
| #define PACKAGE_TARNAME "AIB"
| #define PACKAGE_VERSION "5.13.3"
| #define PACKAGE_STRING "AIB Core 5.13.3"
| #define PACKAGE_BUGREPORT "https://github.com/iobond/aib/issues"
| #define PACKAGE_URL "https://aib.one/"
| #define HAVE_CXX11 1
| /* end confdefs.h.  */
| 
| int
| main (void)
| {
| 
|   ;
|   return 0;
| }
configure:6050: g++ -c   conftest.mm >&5
g++: fatal error: cannot execute 'cc1objplus': execvp: No such file or directory
compilation terminated.
configure:6050: $? = 1
configure: failed program was:
| /* confdefs.h */
| #define PACKAGE_NAME "AIB Core"
| #define PACKAGE_TARNAME "AIB"
| #define PACKAGE_VERSION "5.13.3"
| #define PACKAGE_STRING "AIB Core 5.13.3"
| #define PACKAGE_BUGREPORT "https://github.com/iobond/aib/issues"
| #define PACKAGE_URL "https://aib.one/"
| #define HAVE_CXX11 1
| /* end confdefs.h.  */
| 
| int
| main (void)
| {
| 
|   ;
|   return 0;
| }
configure:6067: g++ -c -g  conftest.mm >&5
g++: fatal error: cannot execute 'cc1objplus': execvp: No such file or directory
compilation terminated.
configure:6067: $? = 1
configure: failed program was:
| /* confdefs.h */
| #define PACKAGE_NAME "AIB Core"
| #define PACKAGE_TARNAME "AIB"
| #define PACKAGE_VERSION "5.13.3"
| #define PACKAGE_STRING "AIB Core 5.13.3"
| #define PACKAGE_BUGREPORT "https://github.com/iobond/aib/issues"
| #define PACKAGE_URL "https://aib.one/"
| #define HAVE_CXX11 1
| /* end confdefs.h.  */
| 
| int
| main (void)
| {
| 
|   ;
|   return 0;
| }
configure:6078: result: no
configure:6103: checking dependency style of g++
configure:6213: result: gcc3
configure:6277: checking how to print strings
configure:6304: result: printf
configure:6387: checking for gcc
configure:6408: found /usr/bin/gcc
configure:6419: result: gcc
configure:6772: checking for C compiler version
configure:6781: gcc --version >&5
gcc (Debian 12.2.0-14+deb12u1) 12.2.0
Copyright (C) 2022 Free Software Foundation, Inc.
This is free software; see the source for copying conditions.  There is NO
warranty; not even for MERCHANTABILITY or FITNESS FOR A PARTICULAR PURPOSE.

configure:6792: $? = 0
configure:6781: gcc -v >&5
Using built-in specs.
COLLECT_GCC=gcc
COLLECT_LTO_WRAPPER=/usr/lib/gcc/x86_64-linux-gnu/12/lto-wrapper
OFFLOAD_TARGET_NAMES=nvptx-none:amdgcn-amdhsa
OFFLOAD_TARGET_DEFAULT=1
Target: x86_64-linux-gnu
Configured with: ../src/configure -v --with-pkgversion='Debian 12.2.0-14+deb12u1' --with-bugurl=file:///usr/share/doc/gcc-12/README.Bugs --enable-languages=c,ada,c++,go,d,fortran,objc,obj-c++,m2 --prefix=/usr --with-gcc-major-version-only --program-suffix=-12 --program-prefix=x86_64-linux-gnu- --enable-shared --enable-linker-build-id --libexecdir=/usr/lib --without-included-gettext --enable-threads=posix --libdir=/usr/lib --enable-nls --enable-clocale=gnu --enable-libstdcxx-debug --enable-libstdcxx-time=yes --with-default-libstdcxx-abi=new --enable-gnu-unique-object --disable-vtable-verify --enable-plugin --enable-default-pie --with-system-zlib --enable-libphobos-checking=release --with-target-system-zlib=auto --enable-objc-gc=auto --enable-multiarch --disable-werror --enable-cet --with-arch-32=i686 --with-abi=m64 --with-multilib-list=m32,m64,mx32 --enable-multilib --with-tune=generic --enable-offload-targets=nvptx-none=/build/reproducible-path/gcc-12-12.2.0/debian/tmp-nvptx/usr,amdgcn-amdhsa=/build/reproducible-path/gcc-12-12.2.0/debian/tmp-gcn/usr --enable-offload-defaulted --without-cuda-driver --enable-checking=release --build=x86_64-linux-gnu --host=x86_64-linux-gnu --target=x86_64-linux-gnu
Thread model: posix
Supported LTO compression algorithms: zlib zstd
gcc version 12.2.0 (Debian 12.2.0-14+deb12u1) 
... rest of stderr output deleted ...
configure:6792: $? = 0
configure:6781: gcc -V >&5
gcc: error: unrecognized command-line option '-V'
gcc: fatal error: no input files
compilation terminated.
configure:6792: $? = 1
configure:6781: gcc -qversion >&5
gcc: error: unrecognized command-line option '-qversion'; did you mean '--version'?
gcc: fatal error: no input files
compilation terminated.
configure:6792: $? = 1
configure:6781: gcc -version >&5
gcc: error: unrecognized command-line option '-version'
gcc: fatal error: no input files
compilation terminated.
configure:6792: $? = 1
configure:6796: checking whether the compiler supports GNU C
configure:6816: gcc -c   conftest.c >&5
configure:6816: $? = 0
configure:6826: result: yes
configure:6837: checking whether gcc accepts -g
configure:6858: gcc -c -g  conftest.c >&5
configure:6858: $? = 0
configure:6902: result: yes
configure:6922: checking for gcc option to enable C11 features
configure:6937: gcc  -c -g -O2  conftest.c >&5
configure:6937: $? = 0
configure:6955: result: none needed
configure:7071: checking whether gcc understands -c and -o together
configure:7094: gcc -c conftest.c -o conftest2.o
configure:7097: $? = 0
configure:7094: gcc -c conftest.c -o conftest2.o
configure:7097: $? = 0
configure:7109: result: yes
configure:7128: checking dependency style of gcc
configure:7240: result: gcc3
configure:7255: checking for a sed that does not truncate output
configure:7325: result: /usr/bin/sed
configure:7343: checking for grep that handles long lines and -e
configure:7407: result: /usr/bin/grep
configure:7412: checking for egrep
configure:7480: result: /usr/bin/grep -E
configure:7485: checking for fgrep
configure:7553: result: /usr/bin/grep -F
configure:7589: checking for ld used by gcc
configure:7657: result: /usr/bin/ld
configure:7664: checking if the linker (/usr/bin/ld) is GNU ld
configure:7680: result: yes
configure:7692: checking for BSD- or MS-compatible name lister (nm)
configure:7747: result: /usr/bin/nm -B
configure:7887: checking the name lister (/usr/bin/nm -B) interface
configure:7895: gcc -c -g -O2  conftest.c >&5
configure:7898: /usr/bin/nm -B "conftest.o"
configure:7901: output
0000000000000000 B some_variable
configure:7908: result: BSD nm
configure:7911: checking whether ln -s works
configure:7915: result: yes
configure:7923: checking the maximum length of command line arguments
configure:8055: result: 1572864
configure:8103: checking how to convert x86_64-pc-linux-gnu file names to x86_64-pc-linux-gnu format
configure:8144: result: func_convert_file_noop
configure:8151: checking how to convert x86_64-pc-linux-gnu file names to toolchain format
configure:8172: result: func_convert_file_noop
configure:8179: checking for /usr/bin/ld option to reload object files
configure:8187: result: -r
configure:8266: checking for file
configure:8287: found /usr/bin/file
configure:8298: result: file
configure:8374: checking for objdump
configure:8395: found /usr/bin/objdump
configure:8406: result: objdump
configure:8438: checking how to recognize dependent libraries
configure:8639: result: pass_all
configure:8729: checking for dlltool
configure:8764: result: no
configure:8794: checking how to associate runtime and link libraries
configure:8822: result: printf %s\n
configure:8888: checking for ar
configure:8909: found /usr/bin/ar
configure:8920: result: ar
configure:8973: checking for archiver @FILE support
configure:8991: gcc -c -g -O2  conftest.c >&5
configure:8991: $? = 0
configure:8995: ar cr libconftest.a @conftest.lst >&5
configure:8998: $? = 0
configure:9003: ar cr libconftest.a @conftest.lst >&5
ar: conftest.o: No such file or directory
configure:9006: $? = 1
configure:9018: result: @
configure:9081: checking for strip
configure:9102: found /usr/bin/strip
configure:9113: result: strip
configure:9190: checking for ranlib
configure:9211: found /usr/bin/ranlib
configure:9222: result: ranlib
configure:9324: checking command to parse /usr/bin/nm -B output from gcc object
configure:9478: gcc -c -g -O2  conftest.c >&5
configure:9481: $? = 0
configure:9485: /usr/bin/nm -B conftest.o | /usr/bin/sed -n -e 's/^.*[	 ]\([ABCDGIRSTW][ABCDGIRSTW]*\)[	 ][	 ]*\([_A-Za-z][_A-Za-z0-9]*\)$/\1 \2 \2/p' | /usr/bin/sed '/ __gnu_lto/d' > conftest.nm
configure:9551: gcc -o conftest -g -O2   conftest.c conftstm.o >&5
configure:9554: $? = 0
configure:9592: result: ok
configure:9639: checking for sysroot
configure:9670: result: no
configure:9677: checking for a working dd
configure:9721: result: /usr/bin/dd
configure:9725: checking how to truncate binary pipes
configure:9741: result: /usr/bin/dd bs=4096 count=1
configure:9878: gcc -c -g -O2  conftest.c >&5
configure:9881: $? = 0
configure:10078: checking for mt
configure:10113: result: no
configure:10133: checking if : is a manifest tool
configure:10140: : '-?'
configure:10148: result: no
configure:10873: checking for stdio.h
configure:10873: gcc -c -g -O2  conftest.c >&5
configure:10873: $? = 0
configure:10873: result: yes
configure:10873: checking for stdlib.h
configure:10873: gcc -c -g -O2  conftest.c >&5
configure:10873: $? = 0
configure:10873: result: yes
configure:10873: checking for string.h
configure:10873: gcc -c -g -O2  conftest.c >&5
configure:10873: $? = 0
configure:10873: result: yes
configure:10873: checking for inttypes.h
configure:10873: gcc -c -g -O2  conftest.c >&5
configure:10873: $? = 0
configure:10873: result: yes
configure:10873: checking for stdint.h
configure:10873: gcc -c -g -O2  conftest.c >&5
configure:10873: $? = 0
configure:10873: result: yes
configure:10873: checking for strings.h
configure:10873: gcc -c -g -O2  conftest.c >&5
configure:10873: $? = 0
configure:10873: result: yes
configure:10873: checking for sys/stat.h
configure:10873: gcc -c -g -O2  conftest.c >&5
configure:10873: $? = 0
configure:10873: result: yes
configure:10873: checking for sys/types.h
configure:10873: gcc -c -g -O2  conftest.c >&5
configure:10873: $? = 0
configure:10873: result: yes
configure:10873: checking for unistd.h
configure:10873: gcc -c -g -O2  conftest.c >&5
configure:10873: $? = 0
configure:10873: result: yes
configure:10898: checking for dlfcn.h
configure:10898: gcc -c -g -O2  conftest.c >&5
configure:10898: $? = 0
configure:10898: result: yes
configure:11166: checking for objdir
configure:11182: result: .libs
configure:11446: checking if gcc supports -fno-rtti -fno-exceptions
configure:11465: gcc -c -g -O2  -fno-rtti -fno-exceptions conftest.c >&5
cc1: warning: command-line option '-fno-rtti' is valid for C++/D/ObjC++ but not for C
configure:11469: $? = 0
configure:11482: result: no
configure:11846: checking for gcc option to produce PIC
configure:11854: result: -fPIC -DPIC
configure:11862: checking if gcc PIC flag -fPIC -DPIC works
configure:11881: gcc -c -g -O2  -fPIC -DPIC -DPIC conftest.c >&5
configure:11885: $? = 0
configure:11898: result: yes
configure:11927: checking if gcc static flag -static works
configure:11956: result: yes
configure:11971: checking if gcc supports -c -o file.o
configure:11993: gcc -c -g -O2  -o out/conftest2.o conftest.c >&5
configure:11997: $? = 0
configure:12019: result: yes
configure:12027: checking if gcc supports -c -o file.o
configure:12075: result: yes
configure:12108: checking whether the gcc linker (/usr/bin/ld -m elf_x86_64) supports shared libraries
configure:13382: result: yes
configure:13419: checking whether -lc should be explicitly linked in
configure:13428: gcc -c -g -O2  conftest.c >&5
configure:13431: $? = 0
configure:13446: gcc -shared  -fPIC -DPIC conftest.o  -v -Wl,-soname -Wl,conftest -o conftest 2\>\&1 \| /usr/bin/grep  -lc  \>/dev/null 2\>\&1
configure:13449: $? = 0
configure:13463: result: no
configure:13623: checking dynamic linker characteristics
configure:14205: gcc -o conftest -g -O2   -Wl,-rpath -Wl,/foo conftest.c  >&5
configure:14205: $? = 0
configure:14456: result: GNU/Linux ld.so
configure:14578: checking how to hardcode library paths into programs
configure:14603: result: immediate
configure:15155: checking whether stripping libraries is possible
configure:15164: result: yes
configure:15206: checking if libtool supports shared libraries
configure:15208: result: yes
configure:15211: checking whether to build shared libraries
configure:15236: result: yes
configure:15239: checking whether to build static libraries
configure:15243: result: yes
configure:15266: checking how to run the C++ preprocessor
configure:15288: g++ -E  conftest.cpp
configure:15288: $? = 0
configure:15303: g++ -E  conftest.cpp
conftest.cpp:22:10: fatal error: ac_nonexistent.h: No such file or directory
   22 | #include <ac_nonexistent.h>
      |          ^~~~~~~~~~~~~~~~~~
compilation terminated.
configure:15303: $? = 1
configure: failed program was:
| /* confdefs.h */
| #define PACKAGE_NAME "AIB Core"
| #define PACKAGE_TARNAME "AIB"
| #define PACKAGE_VERSION "5.13.3"
| #define PACKAGE_STRING "AIB Core 5.13.3"
| #define PACKAGE_BUGREPORT "https://github.com/iobond/aib/issues"
| #define PACKAGE_URL "https://aib.one/"
| #define HAVE_CXX11 1
| #define HAVE_STDIO_H 1
| #define HAVE_STDLIB_H 1
| #define HAVE_STRING_H 1
| #define HAVE_INTTYPES_H 1
| #define HAVE_STDINT_H 1
| #define HAVE_STRINGS_H 1
| #define HAVE_SYS_STAT_H 1
| #define HAVE_SYS_TYPES_H 1
| #define HAVE_UNISTD_H 1
| #define STDC_HEADERS 1
| #define HAVE_DLFCN_H 1
| #define LT_OBJDIR ".libs/"
| /* end confdefs.h.  */
| #include <ac_nonexistent.h>
configure:15330: result: g++ -E
configure:15344: g++ -E  conftest.cpp
configure:15344: $? = 0
configure:15359: g++ -E  conftest.cpp
conftest.cpp:22:10: fatal error: ac_nonexistent.h: No such file or directory
   22 | #include <ac_nonexistent.h>
      |          ^~~~~~~~~~~~~~~~~~
compilation terminated.
configure:15359: $? = 1
configure: failed program was:
| /* confdefs.h */
| #define PACKAGE_NAME "AIB Core"
| #define PACKAGE_TARNAME "AIB"
| #define PACKAGE_VERSION "5.13.3"
| #define PACKAGE_STRING "AIB Core 5.13.3"
| #define PACKAGE_BUGREPORT "https://github.com/iobond/aib/issues"
| #define PACKAGE_URL "https://aib.one/"
| #define HAVE_CXX11 1
| #define HAVE_STDIO_H 1
| #define HAVE_STDLIB_H 1
| #define HAVE_STRING_H 1
| #define HAVE_INTTYPES_H 1
| #define HAVE_STDINT_H 1
| #define HAVE_STRINGS_H 1
| #define HAVE_SYS_STAT_H 1
| #define HAVE_SYS_TYPES_H 1
| #define HAVE_UNISTD_H 1
| #define STDC_HEADERS 1
| #define HAVE_DLFCN_H 1
| #define LT_OBJDIR ".libs/"
| /* end confdefs.h.  */
| #include <ac_nonexistent.h>
configure:15524: checking for ld used by g++
configure:15592: result: /usr/bin/ld -m elf_x86_64
configure:15599: checking if the linker (/usr/bin/ld -m elf_x86_64) is GNU ld
configure:15615: result: yes
configure:15670: checking whether the g++ linker (/usr/bin/ld -m elf_x86_64) supports shared libraries
configure:16748: result: yes
configure:16784: g++ -c -g -O2  conftest.cpp >&5
configure:16787: $? = 0
configure:17268: checking for g++ option to produce PIC
configure:17276: result: -fPIC -DPIC
configure:17284: checking if g++ PIC flag -fPIC -DPIC works
configure:17303: g++ -c -g -O2  -fPIC -DPIC -DPIC conftest.cpp >&5
configure:17307: $? = 0
configure:17320: result: yes
configure:17343: checking if g++ static flag -static works
configure:17372: result: yes
configure:17384: checking if g++ supports -c -o file.o
configure:17406: g++ -c -g -O2  -o out/conftest2.o conftest.cpp >&5
configure:17410: $? = 0
configure:17432: result: yes
configure:17437: checking if g++ supports -c -o file.o
configure:17485: result: yes
configure:17515: checking whether the g++ linker (/usr/bin/ld -m elf_x86_64) supports shared libraries
configure:17558: result: yes
configure:17700: checking dynamic linker characteristics
configure:18460: result: GNU/Linux ld.so
configure:18525: checking how to hardcode library paths into programs
configure:18550: result: immediate
configure:18663: checking for ar
configure:18686: found /usr/bin/ar
configure:18698: result: /usr/bin/ar
configure:18771: checking for ranlib
configure:18794: found /usr/bin/ranlib
configure:18806: result: /usr/bin/ranlib
configure:18879: checking for strip
configure:18902: found /usr/bin/strip
configure:18914: result: /usr/bin/strip
configure:18987: checking for gcov
configure:19010: found /usr/bin/gcov
configure:19022: result: /usr/bin/gcov
configure:19046: checking for lcov
configure:19084: result: no
configure:19091: checking for java
configure:19129: result: no
configure:19138: checking for python3.6
configure:19176: result: no
configure:19138: checking for python3.5
configure:19176: result: no
configure:19138: checking for python3.4
configure:19176: result: no
configure:19138: checking for python3
configure:19161: found /usr/bin/python3
configure:19173: result: /usr/bin/python3
configure:19186: checking for genhtml
configure:19224: result: no
configure:19231: checking for git
configure:19254: found /usr/bin/git
configure:19266: result: /usr/bin/git
configure:19276: checking for ccache
configure:19314: result: no
configure:19321: checking for xgettext
configure:19359: result: no
configure:19366: checking for hexdump
configure:19404: result: no
configure:19460: checking for readelf
configure:19483: found /usr/bin/readelf
configure:19495: result: /usr/bin/readelf
configure:19568: checking for c++filt
configure:19591: found /usr/bin/c++filt
configure:19603: result: /usr/bin/c++filt
configure:19676: checking for objcopy
configure:19699: found /usr/bin/objcopy
configure:19711: result: /usr/bin/objcopy
configure:19927: checking whether C++ compiler accepts -Werror
configure:19947: g++ -c -g -O2  -Werror  conftest.cpp >&5
configure:19947: $? = 0
configure:19956: result: yes
configure:19979: checking whether C++ compiler accepts -Wall
configure:19999: g++ -c -g -O2 -Werror -Wall  conftest.cpp >&5
configure:19999: $? = 0
configure:20009: result: yes
configure:20019: checking whether C++ compiler accepts -Wextra
configure:20039: g++ -c -g -O2 -Wall -Werror -Wextra  conftest.cpp >&5
configure:20039: $? = 0
configure:20049: result: yes
configure:20059: checking whether C++ compiler accepts -Wformat
configure:20079: g++ -c -g -O2 -Wall -Wextra -Werror -Wformat  conftest.cpp >&5
configure:20079: $? = 0
configure:20089: result: yes
configure:20099: checking whether C++ compiler accepts -Wformat-security
configure:20119: g++ -c -g -O2 -Wall -Wextra -Wformat -Werror -Wformat-security  conftest.cpp >&5
configure:20119: $? = 0
configure:20129: result: yes
configure:20143: checking whether C++ compiler accepts -Wunused-parameter
configure:20163: g++ -c -g -O2 -Wall -Wextra -Wformat -Wformat-security -Werror -Wunused-parameter  conftest.cpp >&5
configure:20163: $? = 0
configure:20173: result: yes
configure:20183: checking whether C++ compiler accepts -Wself-assign
configure:20203: g++ -c -g -O2 -Wall -Wextra -Wformat -Wformat-security -Wno-unused-parameter -Werror -Wself-assign  conftest.cpp >&5
g++: error: unrecognized command-line option '-Wself-assign'
configure:20203: $? = 1
configure: failed program was:
| /* confdefs.h */
| #define PACKAGE_NAME "AIB Core"
| #define PACKAGE_TARNAME "AIB"
| #define PACKAGE_VERSION "5.13.3"
| #define PACKAGE_STRING "AIB Core 5.13.3"
| #define PACKAGE_BUGREPORT "https://github.com/iobond/aib/issues"
| #define PACKAGE_URL "https://aib.one/"
| #define HAVE_CXX11 1
| #define HAVE_STDIO_H 1
| #define HAVE_STDLIB_H 1
| #define HAVE_STRING_H 1
| #define HAVE_INTTYPES_H 1
| #define HAVE_STDINT_H 1
| #define HAVE_STRINGS_H 1
| #define HAVE_SYS_STAT_H 1
| #define HAVE_SYS_TYPES_H 1
| #define HAVE_UNISTD_H 1
| #define STDC_HEADERS 1
| #define HAVE_DLFCN_H 1
| #define LT_OBJDIR ".libs/"
| /* end confdefs.h.  */
| 
| int
| main (void)
| {
| 
|   ;
|   return 0;
| }
configure:20213: result: no
configure:20223: checking whether C++ compiler accepts -Wunused-local-typedef
configure:20243: g++ -c -g -O2 -Wall -Wextra -Wformat -Wformat-security -Wno-unused-parameter -Werror -Wunused-local-typedef  conftest.cpp >&5
g++: error: unrecognized command-line option '-Wunused-local-typedef'; did you mean '-Wunused-local-typedefs'?
configure:20243: $? = 1
configure: failed program was:
| /* confdefs.h */
| #define PACKAGE_NAME "AIB Core"
| #define PACKAGE_TARNAME "AIB"
| #define PACKAGE_VERSION "5.13.3"
| #define PACKAGE_STRING "AIB Core 5.13.3"
| #define PACKAGE_BUGREPORT "https://github.com/iobond/aib/issues"
| #define PACKAGE_URL "https://aib.one/"
| #define HAVE_CXX11 1
| #define HAVE_STDIO_H 1
| #define HAVE_STDLIB_H 1
| #define HAVE_STRING_H 1
| #define HAVE_INTTYPES_H 1
| #define HAVE_STDINT_H 1
| #define HAVE_STRINGS_H 1
| #define HAVE_SYS_STAT_H 1
| #define HAVE_SYS_TYPES_H 1
| #define HAVE_UNISTD_H 1
| #define STDC_HEADERS 1
| #define HAVE_DLFCN_H 1
| #define LT_OBJDIR ".libs/"
| /* end confdefs.h.  */
| 
| int
| main (void)
| {
| 
|   ;
|   return 0;
| }
configure:20253: result: no
configure:20263: checking whether C++ compiler accepts -Wdeprecated-register
configure:20283: g++ -c -g -O2 -Wall -Wextra -Wformat -Wformat-security -Wno-unused-parameter -Werror -Wdeprecated-register  conftest.cpp >&5
g++: error: unrecognized command-line option '-Wdeprecated-register'; did you mean '-Wdeprecated-copy-dtor'?
configure:20283: $? = 1
configure: failed program was:
| /* confdefs.h */
| #define PACKAGE_NAME "AIB Core"
| #define PACKAGE_TARNAME "AIB"
| #define PACKAGE_VERSION "5.13.3"
| #define PACKAGE_STRING "AIB Core 5.13.3"
| #define PACKAGE_BUGREPORT "https://github.com/iobond/aib/issues"
| #define PACKAGE_URL "https://aib.one/"
| #define HAVE_CXX11 1
| #define HAVE_STDIO_H 1
| #define HAVE_STDLIB_H 1
| #define HAVE_STRING_H 1
| #define HAVE_INTTYPES_H 1
| #define HAVE_STDINT_H 1
| #define HAVE_STRINGS_H 1
| #define HAVE_SYS_STAT_H 1
| #define HAVE_SYS_TYPES_H 1
| #define HAVE_UNISTD_H 1
| #define STDC_HEADERS 1
| #define HAVE_DLFCN_H 1
| #define LT_OBJDIR ".libs/"
| /* end confdefs.h.  */
| 
| int
| main (void)
| {
| 
|   ;
|   return 0;
| }
configure:20293: result: no
configure:22071: checking for pkg-config
configure:22094: found /usr/bin/pkg-config
configure:22106: result: /usr/bin/pkg-config
configure:22131: checking pkg-config is at least version 0.9.0
configure:22134: result: yes
configure:22229: checking whether byte ordering is bigendian
configure:22245: g++ -c -g -O2 -Wall -Wextra -Wformat -Wformat-security -Wno-unused-parameter  -DHAVE_BUILD_INFO -D__STDC_FORMAT_MACROS conftest.cpp >&5
conftest.cpp:23:16: error: expected unqualified-id before 'not' token
   23 |                not a universal capable compiler
      |                ^~~
configure:22245: $? = 1
configure: failed program was:
| /* confdefs.h */
| #define PACKAGE_NAME "AIB Core"
| #define PACKAGE_TARNAME "AIB"
| #define PACKAGE_VERSION "5.13.3"
| #define PACKAGE_STRING "AIB Core 5.13.3"
| #define PACKAGE_BUGREPORT "https://github.com/iobond/aib/issues"
| #define PACKAGE_URL "https://aib.one/"
| #define HAVE_CXX11 1
| #define HAVE_STDIO_H 1
| #define HAVE_STDLIB_H 1
| #define HAVE_STRING_H 1
| #define HAVE_INTTYPES_H 1
| #define HAVE_STDINT_H 1
| #define HAVE_STRINGS_H 1
| #define HAVE_SYS_STAT_H 1
| #define HAVE_SYS_TYPES_H 1
| #define HAVE_UNISTD_H 1
| #define STDC_HEADERS 1
| #define HAVE_DLFCN_H 1
| #define LT_OBJDIR ".libs/"
| /* end confdefs.h.  */
| #ifndef __APPLE_CC__
| 	       not a universal capable compiler
| 	     #endif
| 	     typedef int dummy;
| 
configure:22291: g++ -c -g -O2 -Wall -Wextra -Wformat -Wformat-security -Wno-unused-parameter  -DHAVE_BUILD_INFO -D__STDC_FORMAT_MACROS conftest.cpp >&5
configure:22291: $? = 0
configure:22310: g++ -c -g -O2 -Wall -Wextra -Wformat -Wformat-security -Wno-unused-parameter  -DHAVE_BUILD_INFO -D__STDC_FORMAT_MACROS conftest.cpp >&5
conftest.cpp: In function 'int main()':
conftest.cpp:29:22: error: 'big' was not declared in this scope
   29 |                  not big endian
      |                      ^~~
configure:22310: $? = 1
configure: failed program was:
| /* confdefs.h */
| #define PACKAGE_NAME "AIB Core"
| #define PACKAGE_TARNAME "AIB"
| #define PACKAGE_VERSION "5.13.3"
| #define PACKAGE_STRING "AIB Core 5.13.3"
| #define PACKAGE_BUGREPORT "https://github.com/iobond/aib/issues"
| #define PACKAGE_URL "https://aib.one/"
| #define HAVE_CXX11 1
| #define HAVE_STDIO_H 1
| #define HAVE_STDLIB_H 1
| #define HAVE_STRING_H 1
| #define HAVE_INTTYPES_H 1
| #define HAVE_STDINT_H 1
| #define HAVE_STRINGS_H 1
| #define HAVE_SYS_STAT_H 1
| #define HAVE_SYS_TYPES_H 1
| #define HAVE_UNISTD_H 1
| #define STDC_HEADERS 1
| #define HAVE_DLFCN_H 1
| #define LT_OBJDIR ".libs/"
| /* end confdefs.h.  */
| #include <sys/types.h>
| 		#include <sys/param.h>
| 
| int
| main (void)
| {
| #if BYTE_ORDER != BIG_ENDIAN
| 		 not big endian
| 		#endif
| 
|   ;
|   return 0;
| }
configure:22444: result: no
configure:22468: checking how to run the C preprocessor
configure:22494: gcc -E  -DHAVE_BUILD_INFO -D__STDC_FORMAT_MACROS conftest.c
configure:22494: $? = 0
configure:22509: gcc -E  -DHAVE_BUILD_INFO -D__STDC_FORMAT_MACROS conftest.c
conftest.c:22:10: fatal error: ac_nonexistent.h: No such file or directory
   22 | #include <ac_nonexistent.h>
      |          ^~~~~~~~~~~~~~~~~~
compilation terminated.
configure:22509: $? = 1
configure: failed program was:
| /* confdefs.h */
| #define PACKAGE_NAME "AIB Core"
| #define PACKAGE_TARNAME "AIB"
| #define PACKAGE_VERSION "5.13.3"
| #define PACKAGE_STRING "AIB Core 5.13.3"
| #define PACKAGE_BUGREPORT "https://github.com/iobond/aib/issues"
| #define PACKAGE_URL "https://aib.one/"
| #define HAVE_CXX11 1
| #define HAVE_STDIO_H 1
| #define HAVE_STDLIB_H 1
| #define HAVE_STRING_H 1
| #define HAVE_INTTYPES_H 1
| #define HAVE_STDINT_H 1
| #define HAVE_STRINGS_H 1
| #define HAVE_SYS_STAT_H 1
| #define HAVE_SYS_TYPES_H 1
| #define HAVE_UNISTD_H 1
| #define STDC_HEADERS 1
| #define HAVE_DLFCN_H 1
| #define LT_OBJDIR ".libs/"
| /* end confdefs.h.  */
| #include <ac_nonexistent.h>
configure:22536: result: gcc -E
configure:22550: gcc -E  -DHAVE_BUILD_INFO -D__STDC_FORMAT_MACROS conftest.c
configure:22550: $? = 0
configure:22565: gcc -E  -DHAVE_BUILD_INFO -D__STDC_FORMAT_MACROS conftest.c
conftest.c:22:10: fatal error: ac_nonexistent.h: No such file or directory
   22 | #include <ac_nonexistent.h>
      |          ^~~~~~~~~~~~~~~~~~
compilation terminated.
configure:22565: $? = 1
configure: failed program was:
| /* confdefs.h */
| #define PACKAGE_NAME "AIB Core"
| #define PACKAGE_TARNAME "AIB"
| #define PACKAGE_VERSION "5.13.3"
| #define PACKAGE_STRING "AIB Core 5.13.3"
| #define PACKAGE_BUGREPORT "https://github.com/iobond/aib/issues"
| #define PACKAGE_URL "https://aib.one/"
| #define HAVE_CXX11 1
| #define HAVE_STDIO_H 1
| #define HAVE_STDLIB_H 1
| #define HAVE_STRING_H 1
| #define HAVE_INTTYPES_H 1
| #define HAVE_STDINT_H 1
| #define HAVE_STRINGS_H 1
| #define HAVE_SYS_STAT_H 1
| #define HAVE_SYS_TYPES_H 1
| #define HAVE_UNISTD_H 1
| #define STDC_HEADERS 1
| #define HAVE_DLFCN_H 1
| #define LT_OBJDIR ".libs/"
| /* end confdefs.h.  */
| #include <ac_nonexistent.h>
configure:22781: checking whether gcc is Clang
configure:22808: result: no
configure:22936: checking whether pthreads work with -pthread
configure:23036: gcc -o conftest -g -O2 -pthread  -DHAVE_BUILD_INFO -D__STDC_FORMAT_MACROS  conftest.c   >&5
configure:23036: $? = 0
configure:23046: result: yes
configure:23066: checking for joinable pthread attribute
configure:23085: gcc -o conftest -g -O2 -pthread  -DHAVE_BUILD_INFO -D__STDC_FORMAT_MACROS  conftest.c   >&5
configure:23085: $? = 0
configure:23094: result: PTHREAD_CREATE_JOINABLE
configure:23107: checking whether more special flags are required for pthreads
configure:23121: result: no
configure:23130: checking for PTHREAD_PRIO_INHERIT
configure:23147: gcc -o conftest -g -O2 -pthread  -DHAVE_BUILD_INFO -D__STDC_FORMAT_MACROS  conftest.c   >&5
configure:23147: $? = 0
configure:23157: result: yes
configure:23278: checking for special C compiler options needed for large files
configure:23326: result: no
configure:23332: checking for _FILE_OFFSET_BITS value needed for large files
configure:23358: g++ -c -g -O2 -Wall -Wextra -Wformat -Wformat-security -Wno-unused-parameter  -DHAVE_BUILD_INFO -D__STDC_FORMAT_MACROS conftest.cpp >&5
configure:23358: $? = 0
configure:23392: result: no
configure:23475: checking for g++ options needed to detect all undeclared functions
configure:23497: g++ -c -g -O2 -Wall -Wextra -Wformat -Wformat-security -Wno-unused-parameter  -DHAVE_BUILD_INFO -D__STDC_FORMAT_MACROS conftest.cpp >&5
conftest.cpp: In function 'int main()':
conftest.cpp:28:8: error: 'strchr' was not declared in this scope
   28 | (void) strchr;
      |        ^~~~~~
conftest.cpp:1:1: note: 'strchr' is defined in header '<cstring>'; did you forget to '#include <cstring>'?
    1 | /* confdefs.h */
configure:23497: $? = 1
configure: failed program was:
| /* confdefs.h */
| #define PACKAGE_NAME "AIB Core"
| #define PACKAGE_TARNAME "AIB"
| #define PACKAGE_VERSION "5.13.3"
| #define PACKAGE_STRING "AIB Core 5.13.3"
| #define PACKAGE_BUGREPORT "https://github.com/iobond/aib/issues"
| #define PACKAGE_URL "https://aib.one/"
| #define HAVE_CXX11 1
| #define HAVE_STDIO_H 1
| #define HAVE_STDLIB_H 1
| #define HAVE_STRING_H 1
| #define HAVE_INTTYPES_H 1
| #define HAVE_STDINT_H 1
| #define HAVE_STRINGS_H 1
| #define HAVE_SYS_STAT_H 1
| #define HAVE_SYS_TYPES_H 1
| #define HAVE_UNISTD_H 1
| #define STDC_HEADERS 1
| #define HAVE_DLFCN_H 1
| #define LT_OBJDIR ".libs/"
| #define HAVE_PTHREAD_PRIO_INHERIT 1
| #define HAVE_PTHREAD 1
| /* end confdefs.h.  */
| 
| int
| main (void)
| {
| (void) strchr;
|   ;
|   return 0;
| }
configure:23524: g++ -c -g -O2 -Wall -Wextra -Wformat -Wformat-security -Wno-unused-parameter  -DHAVE_BUILD_INFO -D__STDC_FORMAT_MACROS conftest.cpp >&5
configure:23524: $? = 0
configure:23541: result: none needed
configure:23555: checking whether strerror_r is declared
configure:23555: g++ -c -g -O2 -Wall -Wextra -Wformat -Wformat-security -Wno-unused-parameter   -DHAVE_BUILD_INFO -D__STDC_FORMAT_MACROS conftest.cpp >&5
configure:23555: $? = 0
configure:23555: result: yes
configure:23574: checking whether strerror_r returns char *
configure:23599: g++ -c -g -O2 -Wall -Wextra -Wformat -Wformat-security -Wno-unused-parameter  -DHAVE_BUILD_INFO -D__STDC_FORMAT_MACROS conftest.cpp >&5
configure:23599: $? = 0
configure:23608: result: yes
configure:23629: checking whether the linker accepts -Wl,--large-address-aware
configure:23649: g++ -o conftest -g -O2 -Wall -Wextra -Wformat -Wformat-security -Wno-unused-parameter  -DHAVE_BUILD_INFO -D__STDC_FORMAT_MACROS   -Wl,--large-address-aware conftest.cpp  >&5
/usr/bin/ld: unrecognized option '--large-address-aware'
/usr/bin/ld: use the --help option for usage information
collect2: error: ld returned 1 exit status
configure:23649: $? = 1
configure: failed program was:
| /* confdefs.h */
| #define PACKAGE_NAME "AIB Core"
| #define PACKAGE_TARNAME "AIB"
| #define PACKAGE_VERSION "5.13.3"
| #define PACKAGE_STRING "AIB Core 5.13.3"
| #define PACKAGE_BUGREPORT "https://github.com/iobond/aib/issues"
| #define PACKAGE_URL "https://aib.one/"
| #define HAVE_CXX11 1
| #define HAVE_STDIO_H 1
| #define HAVE_STDLIB_H 1
| #define HAVE_STRING_H 1
| #define HAVE_INTTYPES_H 1
| #define HAVE_STDINT_H 1
| #define HAVE_STRINGS_H 1
| #define HAVE_SYS_STAT_H 1
| #define HAVE_SYS_TYPES_H 1
| #define HAVE_UNISTD_H 1
| #define STDC_HEADERS 1
| #define HAVE_DLFCN_H 1
| #define LT_OBJDIR ".libs/"
| #define HAVE_PTHREAD_PRIO_INHERIT 1
| #define HAVE_PTHREAD 1
| #define HAVE_DECL_STRERROR_R 1
| #define HAVE_STRERROR_R 1
| #define STRERROR_R_CHAR_P 1
| /* end confdefs.h.  */
| 
| int
| main (void)
| {
| 
|   ;
|   return 0;
| }
configure:23659: result: no
configure:23672: checking for __attribute__((visibility))
configure:23697: g++ -o conftest -g -O2 -Wall -Wextra -Wformat -Wformat-security -Wno-unused-parameter  -DHAVE_BUILD_INFO -D__STDC_FORMAT_MACROS  conftest.cpp  >&5
configure:23697: $? = 0
configure:23712: result: yes
configure:23727: checking for __attribute__((dllexport))
configure:23749: g++ -o conftest -g -O2 -Wall -Wextra -Wformat -Wformat-security -Wno-unused-parameter  -DHAVE_BUILD_INFO -D__STDC_FORMAT_MACROS  conftest.cpp  >&5
conftest.cpp:30:62: warning: 'dllexport' attribute directive ignored [-Wattributes]
   30 |                     __attribute__((dllexport)) int foo( void ) { return 0; }
      |                                                              ^
configure:23749: $? = 0
configure:23764: result: no
configure:23779: checking for __attribute__((dllimport))
configure:23801: g++ -o conftest -g -O2 -Wall -Wextra -Wformat -Wformat-security -Wno-unused-parameter  -DHAVE_BUILD_INFO -D__STDC_FORMAT_MACROS  conftest.cpp  >&5
conftest.cpp:30:62: warning: 'dllimport' attribute directive ignored [-Wattributes]
   30 |                     int foo( void ) __attribute__((dllimport));
      |                                                              ^
configure:23801: $? = 0
configure:23816: result: no
configure:23911: checking for library containing clock_gettime
configure:23940: g++ -o conftest -g -O2 -Wall -Wextra -Wformat -Wformat-security -Wno-unused-parameter  -DHAVE_BUILD_INFO -D__STDC_FORMAT_MACROS  conftest.cpp  >&5
configure:23940: $? = 0
configure:23960: result: none required
configure:23973: checking whether C++ compiler accepts -fPIC
configure:23993: g++ -c -g -O2 -Wall -Wextra -Wformat -Wformat-security -Wno-unused-parameter  -fPIC  -DHAVE_BUILD_INFO -D__STDC_FORMAT_MACROS conftest.cpp >&5
configure:23993: $? = 0
configure:24002: result: yes
configure:24014: checking whether C++ compiler accepts -Wstack-protector
configure:24034: g++ -c -g -O2 -Wall -Wextra -Wformat -Wformat-security -Wno-unused-parameter  -Wstack-protector  -DHAVE_BUILD_INFO -D__STDC_FORMAT_MACROS conftest.cpp >&5
configure:24034: $? = 0
configure:24043: result: yes
configure:24052: checking whether C++ compiler accepts -fstack-protector-all
configure:24072: g++ -c -g -O2 -Wall -Wextra -Wformat -Wformat-security -Wno-unused-parameter  -fstack-protector-all  -DHAVE_BUILD_INFO -D__STDC_FORMAT_MACROS conftest.cpp >&5
configure:24072: $? = 0
configure:24081: result: yes
configure:24092: checking whether C++ preprocessor accepts -D_FORTIFY_SOURCE=2
configure:24112: g++ -E  -DHAVE_BUILD_INFO -D__STDC_FORMAT_MACROS  -D_FORTIFY_SOURCE=2 conftest.cpp
configure:24112: $? = 0
configure:24121: result: yes
configure:24126: checking whether C++ preprocessor accepts -U_FORTIFY_SOURCE
configure:24146: g++ -E  -DHAVE_BUILD_INFO -D__STDC_FORMAT_MACROS  -U_FORTIFY_SOURCE conftest.cpp
configure:24146: $? = 0
configure:24155: result: yes
configure:24173: checking whether the linker accepts -Wl,--dynamicbase
configure:24193: g++ -o conftest -g -O2 -Wall -Wextra -Wformat -Wformat-security -Wno-unused-parameter  -DHAVE_BUILD_INFO -D__STDC_FORMAT_MACROS   -Wl,--dynamicbase conftest.cpp  >&5
/usr/bin/ld: unrecognized option '--dynamicbase'
/usr/bin/ld: use the --help option for usage information
collect2: error: ld returned 1 exit status
configure:24193: $? = 1
configure: failed program was:
| /* confdefs.h */
| #define PACKAGE_NAME "AIB Core"
| #define PACKAGE_TARNAME "AIB"
| #define PACKAGE_VERSION "5.13.3"
| #define PACKAGE_STRING "AIB Core 5.13.3"
| #define PACKAGE_BUGREPORT "https://github.com/iobond/aib/issues"
| #define PACKAGE_URL "https://aib.one/"
| #define HAVE_CXX11 1
| #define HAVE_STDIO_H 1
| #define HAVE_STDLIB_H 1
| #define HAVE_STRING_H 1
| #define HAVE_INTTYPES_H 1
| #define HAVE_STDINT_H 1
| #define HAVE_STRINGS_H 1
| #define HAVE_SYS_STAT_H 1
| #define HAVE_SYS_TYPES_H 1
| #define HAVE_UNISTD_H 1
| #define STDC_HEADERS 1
| #define HAVE_DLFCN_H 1
| #define LT_OBJDIR ".libs/"
| #define HAVE_PTHREAD_PRIO_INHERIT 1
| #define HAVE_PTHREAD 1
| #define HAVE_DECL_STRERROR_R 1
| #define HAVE_STRERROR_R 1
| #define STRERROR_R_CHAR_P 1
| #define HAVE_FUNC_ATTRIBUTE_VISIBILITY 1
| /* end confdefs.h.  */
| 
| int
| main (void)
| {
| 
|   ;
|   return 0;
| }
configure:24203: result: no
configure:24212: checking whether the linker accepts -Wl,--nxcompat
configure:24232: g++ -o conftest -g -O2 -Wall -Wextra -Wformat -Wformat-security -Wno-unused-parameter  -DHAVE_BUILD_INFO -D__STDC_FORMAT_MACROS   -Wl,--nxcompat conftest.cpp  >&5
/usr/bin/ld: unrecognized option '--nxcompat'
/usr/bin/ld: use the --help option for usage information
collect2: error: ld returned 1 exit status
configure:24232: $? = 1
configure: failed program was:
| /* confdefs.h */
| #define PACKAGE_NAME "AIB Core"
| #define PACKAGE_TARNAME "AIB"
| #define PACKAGE_VERSION "5.13.3"
| #define PACKAGE_STRING "AIB Core 5.13.3"
| #define PACKAGE_BUGREPORT "https://github.com/iobond/aib/issues"
| #define PACKAGE_URL "https://aib.one/"
| #define HAVE_CXX11 1
| #define HAVE_STDIO_H 1
| #define HAVE_STDLIB_H 1
| #define HAVE_STRING_H 1
| #define HAVE_INTTYPES_H 1
| #define HAVE_STDINT_H 1
| #define HAVE_STRINGS_H 1
| #define HAVE_SYS_STAT_H 1
| #define HAVE_SYS_TYPES_H 1
| #define HAVE_UNISTD_H 1
| #define STDC_HEADERS 1
| #define HAVE_DLFCN_H 1
| #define LT_OBJDIR ".libs/"
| #define HAVE_PTHREAD_PRIO_INHERIT 1
| #define HAVE_PTHREAD 1
| #define HAVE_DECL_STRERROR_R 1
| #define HAVE_STRERROR_R 1
| #define STRERROR_R_CHAR_P 1
| #define HAVE_FUNC_ATTRIBUTE_VISIBILITY 1
| /* end confdefs.h.  */
| 
| int
| main (void)
| {
| 
|   ;
|   return 0;
| }
configure:24242: result: no
configure:24251: checking whether the linker accepts -Wl,-z,relro
configure:24271: g++ -o conftest -g -O2 -Wall -Wextra -Wformat -Wformat-security -Wno-unused-parameter  -DHAVE_BUILD_INFO -D__STDC_FORMAT_MACROS   -Wl,-z,relro conftest.cpp  >&5
configure:24271: $? = 0
configure:24281: result: yes
configure:24290: checking whether the linker accepts -Wl,-z,now
configure:24310: g++ -o conftest -g -O2 -Wall -Wextra -Wformat -Wformat-security -Wno-unused-parameter  -DHAVE_BUILD_INFO -D__STDC_FORMAT_MACROS   -Wl,-z,now conftest.cpp  >&5
configure:24310: $? = 0
configure:24320: result: yes
configure:24331: checking whether C++ compiler accepts -fPIE
configure:24351: g++ -c -g -O2 -Wall -Wextra -Wformat -Wformat-security -Wno-unused-parameter  -fPIE  -DHAVE_BUILD_INFO -D__STDC_FORMAT_MACROS conftest.cpp >&5
configure:24351: $? = 0
configure:24360: result: yes
configure:24369: checking whether the linker accepts -pie
configure:24389: g++ -o conftest -g -O2 -Wall -Wextra -Wformat -Wformat-security -Wno-unused-parameter  -DHAVE_BUILD_INFO -D__STDC_FORMAT_MACROS   -pie conftest.cpp  >&5
configure:24389: $? = 0
configure:24399: result: yes
configure:24502: checking for endian.h
configure:24502: g++ -c -g -O2 -Wall -Wextra -Wformat -Wformat-security -Wno-unused-parameter  -DHAVE_BUILD_INFO -D__STDC_FORMAT_MACROS conftest.cpp >&5
configure:24502: $? = 0
configure:24502: result: yes
configure:24508: checking for sys/endian.h
configure:24508: g++ -c -g -O2 -Wall -Wextra -Wformat -Wformat-security -Wno-unused-parameter  -DHAVE_BUILD_INFO -D__STDC_FORMAT_MACROS conftest.cpp >&5
conftest.cpp:57:10: fatal error: sys/endian.h: No such file or directory
   57 | #include <sys/endian.h>
      |          ^~~~~~~~~~~~~~
compilation terminated.
configure:24508: $? = 1
configure: failed program was:
| /* confdefs.h */
| #define PACKAGE_NAME "AIB Core"
| #define PACKAGE_TARNAME "AIB"
| #define PACKAGE_VERSION "5.13.3"
| #define PACKAGE_STRING "AIB Core 5.13.3"
| #define PACKAGE_BUGREPORT "https://github.com/iobond/aib/issues"
| #define PACKAGE_URL "https://aib.one/"
| #define HAVE_CXX11 1
| #define HAVE_STDIO_H 1
| #define HAVE_STDLIB_H 1
| #define HAVE_STRING_H 1
| #define HAVE_INTTYPES_H 1
| #define HAVE_STDINT_H 1
| #define HAVE_STRINGS_H 1
| #define HAVE_SYS_STAT_H 1
| #define HAVE_SYS_TYPES_H 1
| #define HAVE_UNISTD_H 1
| #define STDC_HEADERS 1
| #define HAVE_DLFCN_H 1
| #define LT_OBJDIR ".libs/"
| #define HAVE_PTHREAD_PRIO_INHERIT 1
| #define HAVE_PTHREAD 1
| #define HAVE_DECL_STRERROR_R 1
| #define HAVE_STRERROR_R 1
| #define STRERROR_R_CHAR_P 1
| #define HAVE_FUNC_ATTRIBUTE_VISIBILITY 1
| #define HAVE_ENDIAN_H 1
| /* end confdefs.h.  */
| #include <stddef.h>
| #ifdef HAVE_STDIO_H
| # include <stdio.h>
| #endif
| #ifdef HAVE_STDLIB_H
| # include <stdlib.h>
| #endif
| #ifdef HAVE_STRING_H
| # include <string.h>
| #endif
| #ifdef HAVE_INTTYPES_H
| # include <inttypes.h>
| #endif
| #ifdef HAVE_STDINT_H
| # include <stdint.h>
| #endif
| #ifdef HAVE_STRINGS_H
| # include <strings.h>
| #endif
| #ifdef HAVE_SYS_TYPES_H
| # include <sys/types.h>
| #endif
| #ifdef HAVE_SYS_STAT_H
| # include <sys/stat.h>
| #endif
| #ifdef HAVE_UNISTD_H
| # include <unistd.h>
| #endif
| #include <sys/endian.h>
configure:24508: result: no
configure:24514: checking for byteswap.h
configure:24514: g++ -c -g -O2 -Wall -Wextra -Wformat -Wformat-security -Wno-unused-parameter  -DHAVE_BUILD_INFO -D__STDC_FORMAT_MACROS conftest.cpp >&5
configure:24514: $? = 0
configure:24514: result: yes
configure:24520: checking for stdio.h
configure:24520: result: yes
configure:24526: checking for stdlib.h
configure:24526: result: yes
configure:24532: checking for unistd.h
configure:24532: result: yes
configure:24538: checking for strings.h
configure:24538: result: yes
configure:24544: checking for sys/types.h
configure:24544: result: yes
configure:24550: checking for sys/stat.h
configure:24550: result: yes
configure:24556: checking for sys/select.h
configure:24556: g++ -c -g -O2 -Wall -Wextra -Wformat -Wformat-security -Wno-unused-parameter  -DHAVE_BUILD_INFO -D__STDC_FORMAT_MACROS conftest.cpp >&5
configure:24556: $? = 0
configure:24556: result: yes
configure:24562: checking for sys/prctl.h
configure:24562: g++ -c -g -O2 -Wall -Wextra -Wformat -Wformat-security -Wno-unused-parameter  -DHAVE_BUILD_INFO -D__STDC_FORMAT_MACROS conftest.cpp >&5
configure:24562: $? = 0
configure:24562: result: yes
configure:24570: checking whether strnlen is declared
configure:24570: g++ -c -g -O2 -Wall -Wextra -Wformat -Wformat-security -Wno-unused-parameter   -DHAVE_BUILD_INFO -D__STDC_FORMAT_MACROS conftest.cpp >&5
configure:24570: $? = 0
configure:24570: result: yes
configure:24580: checking whether le16toh is declared
configure:24580: g++ -c -g -O2 -Wall -Wextra -Wformat -Wformat-security -Wno-unused-parameter   -DHAVE_BUILD_INFO -D__STDC_FORMAT_MACROS conftest.cpp >&5
configure:24580: $? = 0
configure:24580: result: yes
configure:24593: checking whether le32toh is declared
configure:24593: g++ -c -g -O2 -Wall -Wextra -Wformat -Wformat-security -Wno-unused-parameter   -DHAVE_BUILD_INFO -D__STDC_FORMAT_MACROS conftest.cpp >&5
configure:24593: $? = 0
configure:24593: result: yes
configure:24606: checking whether le64toh is declared
configure:24606: g++ -c -g -O2 -Wall -Wextra -Wformat -Wformat-security -Wno-unused-parameter   -DHAVE_BUILD_INFO -D__STDC_FORMAT_MACROS conftest.cpp >&5
configure:24606: $? = 0
configure:24606: result: yes
configure:24619: checking whether htole16 is declared
configure:24619: g++ -c -g -O2 -Wall -Wextra -Wformat -Wformat-security -Wno-unused-parameter   -DHAVE_BUILD_INFO -D__STDC_FORMAT_MACROS conftest.cpp >&5
configure:24619: $? = 0
configure:24619: result: yes
configure:24632: checking whether htole32 is declared
configure:24632: g++ -c -g -O2 -Wall -Wextra -Wformat -Wformat-security -Wno-unused-parameter   -DHAVE_BUILD_INFO -D__STDC_FORMAT_MACROS conftest.cpp >&5
configure:24632: $? = 0
configure:24632: result: yes
configure:24645: checking whether htole64 is declared
configure:24645: g++ -c -g -O2 -Wall -Wextra -Wformat -Wformat-security -Wno-unused-parameter   -DHAVE_BUILD_INFO -D__STDC_FORMAT_MACROS conftest.cpp >&5
configure:24645: $? = 0
configure:24645: result: yes
configure:24658: checking whether be16toh is declared
configure:24658: g++ -c -g -O2 -Wall -Wextra -Wformat -Wformat-security -Wno-unused-parameter   -DHAVE_BUILD_INFO -D__STDC_FORMAT_MACROS conftest.cpp >&5
configure:24658: $? = 0
configure:24658: result: yes
configure:24671: checking whether be32toh is declared
configure:24671: g++ -c -g -O2 -Wall -Wextra -Wformat -Wformat-security -Wno-unused-parameter   -DHAVE_BUILD_INFO -D__STDC_FORMAT_MACROS conftest.cpp >&5
configure:24671: $? = 0
configure:24671: result: yes
configure:24684: checking whether be64toh is declared
configure:24684: g++ -c -g -O2 -Wall -Wextra -Wformat -Wformat-security -Wno-unused-parameter   -DHAVE_BUILD_INFO -D__STDC_FORMAT_MACROS conftest.cpp >&5
configure:24684: $? = 0
configure:24684: result: yes
configure:24697: checking whether htobe16 is declared
configure:24697: g++ -c -g -O2 -Wall -Wextra -Wformat -Wformat-security -Wno-unused-parameter   -DHAVE_BUILD_INFO -D__STDC_FORMAT_MACROS conftest.cpp >&5
configure:24697: $? = 0
configure:24697: result: yes
configure:24710: checking whether htobe32 is declared
configure:24710: g++ -c -g -O2 -Wall -Wextra -Wformat -Wformat-security -Wno-unused-parameter   -DHAVE_BUILD_INFO -D__STDC_FORMAT_MACROS conftest.cpp >&5
configure:24710: $? = 0
configure:24710: result: yes
configure:24723: checking whether htobe64 is declared
configure:24723: g++ -c -g -O2 -Wall -Wextra -Wformat -Wformat-security -Wno-unused-parameter   -DHAVE_BUILD_INFO -D__STDC_FORMAT_MACROS conftest.cpp >&5
configure:24723: $? = 0
configure:24723: result: yes
configure:24738: checking whether bswap_16 is declared
configure:24738: g++ -c -g -O2 -Wall -Wextra -Wformat -Wformat-security -Wno-unused-parameter   -DHAVE_BUILD_INFO -D__STDC_FORMAT_MACROS conftest.cpp >&5
configure:24738: $? = 0
configure:24738: result: yes
configure:24749: checking whether bswap_32 is declared
configure:24749: g++ -c -g -O2 -Wall -Wextra -Wformat -Wformat-security -Wno-unused-parameter   -DHAVE_BUILD_INFO -D__STDC_FORMAT_MACROS conftest.cpp >&5
configure:24749: $? = 0
configure:24749: result: yes
configure:24760: checking whether bswap_64 is declared
configure:24760: g++ -c -g -O2 -Wall -Wextra -Wformat -Wformat-security -Wno-unused-parameter   -DHAVE_BUILD_INFO -D__STDC_FORMAT_MACROS conftest.cpp >&5
configure:24760: $? = 0
configure:24760: result: yes
configure:24773: checking for MSG_NOSIGNAL
configure:24786: g++ -c -g -O2 -Wall -Wextra -Wformat -Wformat-security -Wno-unused-parameter  -DHAVE_BUILD_INFO -D__STDC_FORMAT_MACROS conftest.cpp >&5
conftest.cpp: In function 'int main()':
conftest.cpp:58:6: warning: unused variable 'f' [-Wunused-variable]
   58 |  int f = MSG_NOSIGNAL;
      |      ^
configure:24786: $? = 0
configure:24788: result: yes
configure:24799: checking for visibility attribute
configure:24808: g++ -o conftest -g -O2 -Wall -Wextra -Wformat -Wformat-security -Wno-unused-parameter  -DHAVE_BUILD_INFO -D__STDC_FORMAT_MACROS  conftest.cpp  >&5
configure:24808: $? = 0
configure:24814: result: yes
configure:28366: checking whether to build AIB Core GUI
configure:28396: result: no (Qt)
configure:28472: checking for boostlib >= 1.47.0
configure:28557: g++ -c -g -O2 -Wall -Wextra -Wformat -Wformat-security -Wno-unused-parameter  -DHAVE_BUILD_INFO -D__STDC_FORMAT_MACROS  conftest.cpp >&5
conftest.cpp:57:14: fatal error: boost/version.hpp: No such file or directory
   57 |     #include <boost/version.hpp>
      |              ^~~~~~~~~~~~~~~~~~~
compilation terminated.
configure:28557: $? = 1
configure: failed program was:
| /* confdefs.h */
| #define PACKAGE_NAME "AIB Core"
| #define PACKAGE_TARNAME "AIB"
| #define PACKAGE_VERSION "5.13.3"
| #define PACKAGE_STRING "AIB Core 5.13.3"
| #define PACKAGE_BUGREPORT "https://github.com/iobond/aib/issues"
| #define PACKAGE_URL "https://aib.one/"
| #define HAVE_CXX11 1
| #define HAVE_STDIO_H 1
| #define HAVE_STDLIB_H 1
| #define HAVE_STRING_H 1
| #define HAVE_INTTYPES_H 1
| #define HAVE_STDINT_H 1
| #define HAVE_STRINGS_H 1
| #define HAVE_SYS_STAT_H 1
| #define HAVE_SYS_TYPES_H 1
| #define HAVE_UNISTD_H 1
| #define STDC_HEADERS 1
| #define HAVE_DLFCN_H 1
| #define LT_OBJDIR ".libs/"
| #define HAVE_PTHREAD_PRIO_INHERIT 1
| #define HAVE_PTHREAD 1
| #define HAVE_DECL_STRERROR_R 1
| #define HAVE_STRERROR_R 1
| #define STRERROR_R_CHAR_P 1
| #define HAVE_FUNC_ATTRIBUTE_VISIBILITY 1
| #define HAVE_ENDIAN_H 1
| #define HAVE_BYTESWAP_H 1
| #define HAVE_STDIO_H 1
| #define HAVE_STDLIB_H 1
| #define HAVE_UNISTD_H 1
| #define HAVE_STRINGS_H 1
| #define HAVE_SYS_TYPES_H 1
| #define HAVE_SYS_STAT_H 1
| #define HAVE_SYS_SELECT_H 1
| #define HAVE_SYS_PRCTL_H 1
| #define HAVE_DECL_STRNLEN 1
| #define HAVE_DECL_LE16TOH 1
| #define HAVE_DECL_LE32TOH 1
| #define HAVE_DECL_LE64TOH 1
| #define HAVE_DECL_HTOLE16 1
| #define HAVE_DECL_HTOLE32 1
| #define HAVE_DECL_HTOLE64 1
| #define HAVE_DECL_BE16TOH 1
| #define HAVE_DECL_BE32TOH 1
| #define HAVE_DECL_BE64TOH 1
| #define HAVE_DECL_HTOBE16 1
| #define HAVE_DECL_HTOBE32 1
| #define HAVE_DECL_HTOBE64 1
| #define HAVE_DECL_BSWAP_16 1
| #define HAVE_DECL_BSWAP_32 1
| #define HAVE_DECL_BSWAP_64 1
| #define HAVE_MSG_NOSIGNAL 1
| #define HAVE_VISIBILITY_ATTRIBUTE 1
| /* end confdefs.h.  */
| 
|     #include <boost/version.hpp>
| 
| int
| main (void)
| {
| 
|     #if BOOST_VERSION >= 104700
|     // Everything is okay
|     #else
|     #  error Boost version is too old
|     #endif
| 
|   ;
|   return 0;
| }
configure:28673: g++ -c -g -O2 -Wall -Wextra -Wformat -Wformat-security -Wno-unused-parameter  -DHAVE_BUILD_INFO -D__STDC_FORMAT_MACROS -I/include/boost-0 conftest.cpp >&5
conftest.cpp:57:18: fatal error: boost/version.hpp: No such file or directory
   57 |         #include <boost/version.hpp>
      |                  ^~~~~~~~~~~~~~~~~~~
compilation terminated.
configure:28673: $? = 1
configure: failed program was:
| /* confdefs.h */
| #define PACKAGE_NAME "AIB Core"
| #define PACKAGE_TARNAME "AIB"
| #define PACKAGE_VERSION "5.13.3"
| #define PACKAGE_STRING "AIB Core 5.13.3"
| #define PACKAGE_BUGREPORT "https://github.com/iobond/aib/issues"
| #define PACKAGE_URL "https://aib.one/"
| #define HAVE_CXX11 1
| #define HAVE_STDIO_H 1
| #define HAVE_STDLIB_H 1
| #define HAVE_STRING_H 1
| #define HAVE_INTTYPES_H 1
| #define HAVE_STDINT_H 1
| #define HAVE_STRINGS_H 1
| #define HAVE_SYS_STAT_H 1
| #define HAVE_SYS_TYPES_H 1
| #define HAVE_UNISTD_H 1
| #define STDC_HEADERS 1
| #define HAVE_DLFCN_H 1
| #define LT_OBJDIR ".libs/"
| #define HAVE_PTHREAD_PRIO_INHERIT 1
| #define HAVE_PTHREAD 1
| #define HAVE_DECL_STRERROR_R 1
| #define HAVE_STRERROR_R 1
| #define STRERROR_R_CHAR_P 1
| #define HAVE_FUNC_ATTRIBUTE_VISIBILITY 1
| #define HAVE_ENDIAN_H 1
| #define HAVE_BYTESWAP_H 1
| #define HAVE_STDIO_H 1
| #define HAVE_STDLIB_H 1
| #define HAVE_UNISTD_H 1
| #define HAVE_STRINGS_H 1
| #define HAVE_SYS_TYPES_H 1
| #define HAVE_SYS_STAT_H 1
| #define HAVE_SYS_SELECT_H 1
| #define HAVE_SYS_PRCTL_H 1
| #define HAVE_DECL_STRNLEN 1
| #define HAVE_DECL_LE16TOH 1
| #define HAVE_DECL_LE32TOH 1
| #define HAVE_DECL_LE64TOH 1
| #define HAVE_DECL_HTOLE16 1
| #define HAVE_DECL_HTOLE32 1
| #define HAVE_DECL_HTOLE64 1
| #define HAVE_DECL_BE16TOH 1
| #define HAVE_DECL_BE32TOH 1
| #define HAVE_DECL_BE64TOH 1
| #define HAVE_DECL_HTOBE16 1
| #define HAVE_DECL_HTOBE32 1
| #define HAVE_DECL_HTOBE64 1
| #define HAVE_DECL_BSWAP_16 1
| #define HAVE_DECL_BSWAP_32 1
| #define HAVE_DECL_BSWAP_64 1
| #define HAVE_MSG_NOSIGNAL 1
| #define HAVE_VISIBILITY_ATTRIBUTE 1
| /* end confdefs.h.  */
| 
|         #include <boost/version.hpp>
| 
| int
| main (void)
| {
| 
|         #if BOOST_VERSION >= 104700
|         // Everything is okay
|         #else
|         #  error Boost version is too old
|         #endif
| 
|   ;
|   return 0;
| }
configure:28693: We could not detect the boost libraries (version 1.47 or higher). If you have a staged boost library (still not installed) please specify $BOOST_ROOT in your environment and do not give a PATH to --with-boost option.  If you are sure you have boost installed, then check your version number looking in <boost/version.hpp>. See http://randspringer.de/boost for more documentation.
configure:28749: checking whether the Boost::System library is available
configure:28775: g++ -c   -DHAVE_BUILD_INFO -D__STDC_FORMAT_MACROS -I/include/boost-0 conftest.cpp >&5
conftest.cpp:56:10: fatal error: boost/system/error_code.hpp: No such file or directory
   56 | #include <boost/system/error_code.hpp>
      |          ^~~~~~~~~~~~~~~~~~~~~~~~~~~~~
compilation terminated.
configure:28775: $? = 1
configure: failed program was:
| /* confdefs.h */
| #define PACKAGE_NAME "AIB Core"
| #define PACKAGE_TARNAME "AIB"
| #define PACKAGE_VERSION "5.13.3"
| #define PACKAGE_STRING "AIB Core 5.13.3"
| #define PACKAGE_BUGREPORT "https://github.com/iobond/aib/issues"
| #define PACKAGE_URL "https://aib.one/"
| #define HAVE_CXX11 1
| #define HAVE_STDIO_H 1
| #define HAVE_STDLIB_H 1
| #define HAVE_STRING_H 1
| #define HAVE_INTTYPES_H 1
| #define HAVE_STDINT_H 1
| #define HAVE_STRINGS_H 1
| #define HAVE_SYS_STAT_H 1
| #define HAVE_SYS_TYPES_H 1
| #define HAVE_UNISTD_H 1
| #define STDC_HEADERS 1
| #define HAVE_DLFCN_H 1
| #define LT_OBJDIR ".libs/"
| #define HAVE_PTHREAD_PRIO_INHERIT 1
| #define HAVE_PTHREAD 1
| #define HAVE_DECL_STRERROR_R 1
| #define HAVE_STRERROR_R 1
| #define STRERROR_R_CHAR_P 1
| #define HAVE_FUNC_ATTRIBUTE_VISIBILITY 1
| #define HAVE_ENDIAN_H 1
| #define HAVE_BYTESWAP_H 1
| #define HAVE_STDIO_H 1
| #define HAVE_STDLIB_H 1
| #define HAVE_UNISTD_H 1
| #define HAVE_STRINGS_H 1
| #define HAVE_SYS_TYPES_H 1
| #define HAVE_SYS_STAT_H 1
| #define HAVE_SYS_SELECT_H 1
| #define HAVE_SYS_PRCTL_H 1
| #define HAVE_DECL_STRNLEN 1
| #define HAVE_DECL_LE16TOH 1
| #define HAVE_DECL_LE32TOH 1
| #define HAVE_DECL_LE64TOH 1
| #define HAVE_DECL_HTOLE16 1
| #define HAVE_DECL_HTOLE32 1
| #define HAVE_DECL_HTOLE64 1
| #define HAVE_DECL_BE16TOH 1
| #define HAVE_DECL_BE32TOH 1
| #define HAVE_DECL_BE64TOH 1
| #define HAVE_DECL_HTOBE16 1
| #define HAVE_DECL_HTOBE32 1
| #define HAVE_DECL_HTOBE64 1
| #define HAVE_DECL_BSWAP_16 1
| #define HAVE_DECL_BSWAP_32 1
| #define HAVE_DECL_BSWAP_64 1
| #define HAVE_MSG_NOSIGNAL 1
| #define HAVE_VISIBILITY_ATTRIBUTE 1
| /* end confdefs.h.  */
| #include <boost/system/error_code.hpp>
| int
| main (void)
| {
| boost::system::error_category *a = 0;
|   ;
|   return 0;
| }
configure:28791: result: no
configure:28995: checking whether the Boost::Filesystem library is available
configure:29020: g++ -c -g -O2 -Wall -Wextra -Wformat -Wformat-security -Wno-unused-parameter  -DHAVE_BUILD_INFO -D__STDC_FORMAT_MACROS -I/include/boost-0 conftest.cpp >&5
conftest.cpp:56:10: fatal error: boost/filesystem/path.hpp: No such file or directory
   56 | #include <boost/filesystem/path.hpp>
      |          ^~~~~~~~~~~~~~~~~~~~~~~~~~~
compilation terminated.
configure:29020: $? = 1
configure: failed program was:
| /* confdefs.h */
| #define PACKAGE_NAME "AIB Core"
| #define PACKAGE_TARNAME "AIB"
| #define PACKAGE_VERSION "5.13.3"
| #define PACKAGE_STRING "AIB Core 5.13.3"
| #define PACKAGE_BUGREPORT "https://github.com/iobond/aib/issues"
| #define PACKAGE_URL "https://aib.one/"
| #define HAVE_CXX11 1
| #define HAVE_STDIO_H 1
| #define HAVE_STDLIB_H 1
| #define HAVE_STRING_H 1
| #define HAVE_INTTYPES_H 1
| #define HAVE_STDINT_H 1
| #define HAVE_STRINGS_H 1
| #define HAVE_SYS_STAT_H 1
| #define HAVE_SYS_TYPES_H 1
| #define HAVE_UNISTD_H 1
| #define STDC_HEADERS 1
| #define HAVE_DLFCN_H 1
| #define LT_OBJDIR ".libs/"
| #define HAVE_PTHREAD_PRIO_INHERIT 1
| #define HAVE_PTHREAD 1
| #define HAVE_DECL_STRERROR_R 1
| #define HAVE_STRERROR_R 1
| #define STRERROR_R_CHAR_P 1
| #define HAVE_FUNC_ATTRIBUTE_VISIBILITY 1
| #define HAVE_ENDIAN_H 1
| #define HAVE_BYTESWAP_H 1
| #define HAVE_STDIO_H 1
| #define HAVE_STDLIB_H 1
| #define HAVE_UNISTD_H 1
| #define HAVE_STRINGS_H 1
| #define HAVE_SYS_TYPES_H 1
| #define HAVE_SYS_STAT_H 1
| #define HAVE_SYS_SELECT_H 1
| #define HAVE_SYS_PRCTL_H 1
| #define HAVE_DECL_STRNLEN 1
| #define HAVE_DECL_LE16TOH 1
| #define HAVE_DECL_LE32TOH 1
| #define HAVE_DECL_LE64TOH 1
| #define HAVE_DECL_HTOLE16 1
| #define HAVE_DECL_HTOLE32 1
| #define HAVE_DECL_HTOLE64 1
| #define HAVE_DECL_BE16TOH 1
| #define HAVE_DECL_BE32TOH 1
| #define HAVE_DECL_BE64TOH 1
| #define HAVE_DECL_HTOBE16 1
| #define HAVE_DECL_HTOBE32 1
| #define HAVE_DECL_HTOBE64 1
| #define HAVE_DECL_BSWAP_16 1
| #define HAVE_DECL_BSWAP_32 1
| #define HAVE_DECL_BSWAP_64 1
| #define HAVE_MSG_NOSIGNAL 1
| #define HAVE_VISIBILITY_ATTRIBUTE 1
| /* end confdefs.h.  */
| #include <boost/filesystem/path.hpp>
| int
| main (void)
| {
| using namespace boost::filesystem;
|                                    path my_path( "foo/bar/data.txt" );
|                                    return 0;
|   ;
|   return 0;
| }
configure:29035: result: no
configure:29230: checking whether the Boost::Program_Options library is available
configure:29255: g++ -c -g -O2 -Wall -Wextra -Wformat -Wformat-security -Wno-unused-parameter  -DHAVE_BUILD_INFO -D__STDC_FORMAT_MACROS -I/include/boost-0 conftest.cpp >&5
conftest.cpp:56:10: fatal error: boost/program_options/errors.hpp: No such file or directory
   56 | #include <boost/program_options/errors.hpp>
      |          ^~~~~~~~~~~~~~~~~~~~~~~~~~~~~~~~~~
compilation terminated.
configure:29255: $? = 1
configure: failed program was:
| /* confdefs.h */
| #define PACKAGE_NAME "AIB Core"
| #define PACKAGE_TARNAME "AIB"
| #define PACKAGE_VERSION "5.13.3"
| #define PACKAGE_STRING "AIB Core 5.13.3"
| #define PACKAGE_BUGREPORT "https://github.com/iobond/aib/issues"
| #define PACKAGE_URL "https://aib.one/"
| #define HAVE_CXX11 1
| #define HAVE_STDIO_H 1
| #define HAVE_STDLIB_H 1
| #define HAVE_STRING_H 1
| #define HAVE_INTTYPES_H 1
| #define HAVE_STDINT_H 1
| #define HAVE_STRINGS_H 1
| #define HAVE_SYS_STAT_H 1
| #define HAVE_SYS_TYPES_H 1
| #define HAVE_UNISTD_H 1
| #define STDC_HEADERS 1
| #define HAVE_DLFCN_H 1
| #define LT_OBJDIR ".libs/"
| #define HAVE_PTHREAD_PRIO_INHERIT 1
| #define HAVE_PTHREAD 1
| #define HAVE_DECL_STRERROR_R 1
| #define HAVE_STRERROR_R 1
| #define STRERROR_R_CHAR_P 1
| #define HAVE_FUNC_ATTRIBUTE_VISIBILITY 1
| #define HAVE_ENDIAN_H 1
| #define HAVE_BYTESWAP_H 1
| #define HAVE_STDIO_H 1
| #define HAVE_STDLIB_H 1
| #define HAVE_UNISTD_H 1
| #define HAVE_STRINGS_H 1
| #define HAVE_SYS_TYPES_H 1
| #define HAVE_SYS_STAT_H 1
| #define HAVE_SYS_SELECT_H 1
| #define HAVE_SYS_PRCTL_H 1
| #define HAVE_DECL_STRNLEN 1
| #define HAVE_DECL_LE16TOH 1
| #define HAVE_DECL_LE32TOH 1
| #define HAVE_DECL_LE64TOH 1
| #define HAVE_DECL_HTOLE16 1
| #define HAVE_DECL_HTOLE32 1
| #define HAVE_DECL_HTOLE64 1
| #define HAVE_DECL_BE16TOH 1
| #define HAVE_DECL_BE32TOH 1
| #define HAVE_DECL_BE64TOH 1
| #define HAVE_DECL_HTOBE16 1
| #define HAVE_DECL_HTOBE32 1
| #define HAVE_DECL_HTOBE64 1
| #define HAVE_DECL_BSWAP_16 1
| #define HAVE_DECL_BSWAP_32 1
| #define HAVE_DECL_BSWAP_64 1
| #define HAVE_MSG_NOSIGNAL 1
| #define HAVE_VISIBILITY_ATTRIBUTE 1
| /* end confdefs.h.  */
| #include <boost/program_options/errors.hpp>
| 
| int
| main (void)
| {
| boost::program_options::error err("Error message");
|                                    return 0;
|   ;
|   return 0;
| }
configure:29270: result: no
configure:29463: checking whether the Boost::Thread library is available
configure:29496: g++ -c -pthread -g -O2 -Wall -Wextra -Wformat -Wformat-security -Wno-unused-parameter  -DHAVE_BUILD_INFO -D__STDC_FORMAT_MACROS -I/include/boost-0 conftest.cpp >&5
conftest.cpp:56:10: fatal error: boost/thread/thread.hpp: No such file or directory
   56 | #include <boost/thread/thread.hpp>
      |          ^~~~~~~~~~~~~~~~~~~~~~~~~
compilation terminated.
configure:29496: $? = 1
configure: failed program was:
| /* confdefs.h */
| #define PACKAGE_NAME "AIB Core"
| #define PACKAGE_TARNAME "AIB"
| #define PACKAGE_VERSION "5.13.3"
| #define PACKAGE_STRING "AIB Core 5.13.3"
| #define PACKAGE_BUGREPORT "https://github.com/iobond/aib/issues"
| #define PACKAGE_URL "https://aib.one/"
| #define HAVE_CXX11 1
| #define HAVE_STDIO_H 1
| #define HAVE_STDLIB_H 1
| #define HAVE_STRING_H 1
| #define HAVE_INTTYPES_H 1
| #define HAVE_STDINT_H 1
| #define HAVE_STRINGS_H 1
| #define HAVE_SYS_STAT_H 1
| #define HAVE_SYS_TYPES_H 1
| #define HAVE_UNISTD_H 1
| #define STDC_HEADERS 1
| #define HAVE_DLFCN_H 1
| #define LT_OBJDIR ".libs/"
| #define HAVE_PTHREAD_PRIO_INHERIT 1
| #define HAVE_PTHREAD 1
| #define HAVE_DECL_STRERROR_R 1
| #define HAVE_STRERROR_R 1
| #define STRERROR_R_CHAR_P 1
| #define HAVE_FUNC_ATTRIBUTE_VISIBILITY 1
| #define HAVE_ENDIAN_H 1
| #define HAVE_BYTESWAP_H 1
| #define HAVE_STDIO_H 1
| #define HAVE_STDLIB_H 1
| #define HAVE_UNISTD_H 1
| #define HAVE_STRINGS_H 1
| #define HAVE_SYS_TYPES_H 1
| #define HAVE_SYS_STAT_H 1
| #define HAVE_SYS_SELECT_H 1
| #define HAVE_SYS_PRCTL_H 1
| #define HAVE_DECL_STRNLEN 1
| #define HAVE_DECL_LE16TOH 1
| #define HAVE_DECL_LE32TOH 1
| #define HAVE_DECL_LE64TOH 1
| #define HAVE_DECL_HTOLE16 1
| #define HAVE_DECL_HTOLE32 1
| #define HAVE_DECL_HTOLE64 1
| #define HAVE_DECL_BE16TOH 1
| #define HAVE_DECL_BE32TOH 1
| #define HAVE_DECL_BE64TOH 1
| #define HAVE_DECL_HTOBE16 1
| #define HAVE_DECL_HTOBE32 1
| #define HAVE_DECL_HTOBE64 1
| #define HAVE_DECL_BSWAP_16 1
| #define HAVE_DECL_BSWAP_32 1
| #define HAVE_DECL_BSWAP_64 1
| #define HAVE_MSG_NOSIGNAL 1
| #define HAVE_VISIBILITY_ATTRIBUTE 1
| /* end confdefs.h.  */
| #include <boost/thread/thread.hpp>
| int
| main (void)
| {
| boost::thread_group thrds;
|                                    return 0;
|   ;
|   return 0;
| }
configure:29512: result: no
configure:29735: checking whether the Boost::Chrono library is available
configure:29760: g++ -c -g -O2 -Wall -Wextra -Wformat -Wformat-security -Wno-unused-parameter  -DHAVE_BUILD_INFO -D__STDC_FORMAT_MACROS -I/include/boost-0 conftest.cpp >&5
conftest.cpp:56:10: fatal error: boost/chrono.hpp: No such file or directory
   56 | #include <boost/chrono.hpp>
      |          ^~~~~~~~~~~~~~~~~~
compilation terminated.
configure:29760: $? = 1
configure: failed program was:
| /* confdefs.h */
| #define PACKAGE_NAME "AIB Core"
| #define PACKAGE_TARNAME "AIB"
| #define PACKAGE_VERSION "5.13.3"
| #define PACKAGE_STRING "AIB Core 5.13.3"
| #define PACKAGE_BUGREPORT "https://github.com/iobond/aib/issues"
| #define PACKAGE_URL "https://aib.one/"
| #define HAVE_CXX11 1
| #define HAVE_STDIO_H 1
| #define HAVE_STDLIB_H 1
| #define HAVE_STRING_H 1
| #define HAVE_INTTYPES_H 1
| #define HAVE_STDINT_H 1
| #define HAVE_STRINGS_H 1
| #define HAVE_SYS_STAT_H 1
| #define HAVE_SYS_TYPES_H 1
| #define HAVE_UNISTD_H 1
| #define STDC_HEADERS 1
| #define HAVE_DLFCN_H 1
| #define LT_OBJDIR ".libs/"
| #define HAVE_PTHREAD_PRIO_INHERIT 1
| #define HAVE_PTHREAD 1
| #define HAVE_DECL_STRERROR_R 1
| #define HAVE_STRERROR_R 1
| #define STRERROR_R_CHAR_P 1
| #define HAVE_FUNC_ATTRIBUTE_VISIBILITY 1
| #define HAVE_ENDIAN_H 1
| #define HAVE_BYTESWAP_H 1
| #define HAVE_STDIO_H 1
| #define HAVE_STDLIB_H 1
| #define HAVE_UNISTD_H 1
| #define HAVE_STRINGS_H 1
| #define HAVE_SYS_TYPES_H 1
| #define HAVE_SYS_STAT_H 1
| #define HAVE_SYS_SELECT_H 1
| #define HAVE_SYS_PRCTL_H 1
| #define HAVE_DECL_STRNLEN 1
| #define HAVE_DECL_LE16TOH 1
| #define HAVE_DECL_LE32TOH 1
| #define HAVE_DECL_LE64TOH 1
| #define HAVE_DECL_HTOLE16 1
| #define HAVE_DECL_HTOLE32 1
| #define HAVE_DECL_HTOLE64 1
| #define HAVE_DECL_BE16TOH 1
| #define HAVE_DECL_BE32TOH 1
| #define HAVE_DECL_BE64TOH 1
| #define HAVE_DECL_HTOBE16 1
| #define HAVE_DECL_HTOBE32 1
| #define HAVE_DECL_HTOBE64 1
| #define HAVE_DECL_BSWAP_16 1
| #define HAVE_DECL_BSWAP_32 1
| #define HAVE_DECL_BSWAP_64 1
| #define HAVE_MSG_NOSIGNAL 1
| #define HAVE_VISIBILITY_ATTRIBUTE 1
| /* end confdefs.h.  */
| #include <boost/chrono.hpp>
| int
| main (void)
| {
| boost::chrono::system_clock::time_point time;
|   ;
|   return 0;
| }
configure:29776: result: no
configure:30263: checking for mismatched boost c++11 scoped enums
configure:30291: g++ -o conftest -g -O2 -Wall -Wextra -Wformat -Wformat-security -Wno-unused-parameter  -DHAVE_BUILD_INFO -D__STDC_FORMAT_MACROS -I/include/boost-0  conftest.cpp -L/lib64       >&5
conftest.cpp:57:12: fatal error: boost/config.hpp: No such file or directory
   57 |   #include "boost/config.hpp"
      |            ^~~~~~~~~~~~~~~~~~
compilation terminated.
configure:30291: $? = 1
configure: failed program was:
| /* confdefs.h */
| #define PACKAGE_NAME "AIB Core"
| #define PACKAGE_TARNAME "AIB"
| #define PACKAGE_VERSION "5.13.3"
| #define PACKAGE_STRING "AIB Core 5.13.3"
| #define PACKAGE_BUGREPORT "https://github.com/iobond/aib/issues"
| #define PACKAGE_URL "https://aib.one/"
| #define HAVE_CXX11 1
| #define HAVE_STDIO_H 1
| #define HAVE_STDLIB_H 1
| #define HAVE_STRING_H 1
| #define HAVE_INTTYPES_H 1
| #define HAVE_STDINT_H 1
| #define HAVE_STRINGS_H 1
| #define HAVE_SYS_STAT_H 1
| #define HAVE_SYS_TYPES_H 1
| #define HAVE_UNISTD_H 1
| #define STDC_HEADERS 1
| #define HAVE_DLFCN_H 1
| #define LT_OBJDIR ".libs/"
| #define HAVE_PTHREAD_PRIO_INHERIT 1
| #define HAVE_PTHREAD 1
| #define HAVE_DECL_STRERROR_R 1
| #define HAVE_STRERROR_R 1
| #define STRERROR_R_CHAR_P 1
| #define HAVE_FUNC_ATTRIBUTE_VISIBILITY 1
| #define HAVE_ENDIAN_H 1
| #define HAVE_BYTESWAP_H 1
| #define HAVE_STDIO_H 1
| #define HAVE_STDLIB_H 1
| #define HAVE_UNISTD_H 1
| #define HAVE_STRINGS_H 1
| #define HAVE_SYS_TYPES_H 1
| #define HAVE_SYS_STAT_H 1
| #define HAVE_SYS_SELECT_H 1
| #define HAVE_SYS_PRCTL_H 1
| #define HAVE_DECL_STRNLEN 1
| #define HAVE_DECL_LE16TOH 1
| #define HAVE_DECL_LE32TOH 1
| #define HAVE_DECL_LE64TOH 1
| #define HAVE_DECL_HTOLE16 1
| #define HAVE_DECL_HTOLE32 1
| #define HAVE_DECL_HTOLE64 1
| #define HAVE_DECL_BE16TOH 1
| #define HAVE_DECL_BE32TOH 1
| #define HAVE_DECL_BE64TOH 1
| #define HAVE_DECL_HTOBE16 1
| #define HAVE_DECL_HTOBE32 1
| #define HAVE_DECL_HTOBE64 1
| #define HAVE_DECL_BSWAP_16 1
| #define HAVE_DECL_BSWAP_32 1
| #define HAVE_DECL_BSWAP_64 1
| #define HAVE_MSG_NOSIGNAL 1
| #define HAVE_VISIBILITY_ATTRIBUTE 1
| /* end confdefs.h.  */
| 
|   #include "boost/config.hpp"
|   #include "boost/version.hpp"
|   #if !defined(BOOST_NO_SCOPED_ENUMS) && !defined(BOOST_NO_CXX11_SCOPED_ENUMS) && BOOST_VERSION < 105700
|   #define BOOST_NO_SCOPED_ENUMS
|   #define BOOST_NO_CXX11_SCOPED_ENUMS
|   #define CHECK
|   #endif
|   #include "boost/filesystem.hpp"
| 
| int
| main (void)
| {
| 
|   #if defined(CHECK)
|     boost::filesystem::copy_file("foo", "bar");
|   #else
|     choke;
|   #endif
| 
|   ;
|   return 0;
| }
configure:30296: result: ok
configure:30328: g++ -o conftest -g -O2 -Wall -Wextra -Wformat -Wformat-security -Wno-unused-parameter  -DHAVE_BUILD_INFO -D__STDC_FORMAT_MACROS -I/include/boost-0  conftest.cpp -L/lib64       >&5
conftest.cpp:57:12: fatal error: boost/thread/thread.hpp: No such file or directory
   57 |   #include <boost/thread/thread.hpp>
      |            ^~~~~~~~~~~~~~~~~~~~~~~~~
compilation terminated.
configure:30328: $? = 1
configure: failed program was:
| /* confdefs.h */
| #define PACKAGE_NAME "AIB Core"
| #define PACKAGE_TARNAME "AIB"
| #define PACKAGE_VERSION "5.13.3"
| #define PACKAGE_STRING "AIB Core 5.13.3"
| #define PACKAGE_BUGREPORT "https://github.com/iobond/aib/issues"
| #define PACKAGE_URL "https://aib.one/"
| #define HAVE_CXX11 1
| #define HAVE_STDIO_H 1
| #define HAVE_STDLIB_H 1
| #define HAVE_STRING_H 1
| #define HAVE_INTTYPES_H 1
| #define HAVE_STDINT_H 1
| #define HAVE_STRINGS_H 1
| #define HAVE_SYS_STAT_H 1
| #define HAVE_SYS_TYPES_H 1
| #define HAVE_UNISTD_H 1
| #define STDC_HEADERS 1
| #define HAVE_DLFCN_H 1
| #define LT_OBJDIR ".libs/"
| #define HAVE_PTHREAD_PRIO_INHERIT 1
| #define HAVE_PTHREAD 1
| #define HAVE_DECL_STRERROR_R 1
| #define HAVE_STRERROR_R 1
| #define STRERROR_R_CHAR_P 1
| #define HAVE_FUNC_ATTRIBUTE_VISIBILITY 1
| #define HAVE_ENDIAN_H 1
| #define HAVE_BYTESWAP_H 1
| #define HAVE_STDIO_H 1
| #define HAVE_STDLIB_H 1
| #define HAVE_UNISTD_H 1
| #define HAVE_STRINGS_H 1
| #define HAVE_SYS_TYPES_H 1
| #define HAVE_SYS_STAT_H 1
| #define HAVE_SYS_SELECT_H 1
| #define HAVE_SYS_PRCTL_H 1
| #define HAVE_DECL_STRNLEN 1
| #define HAVE_DECL_LE16TOH 1
| #define HAVE_DECL_LE32TOH 1
| #define HAVE_DECL_LE64TOH 1
| #define HAVE_DECL_HTOLE16 1
| #define HAVE_DECL_HTOLE32 1
| #define HAVE_DECL_HTOLE64 1
| #define HAVE_DECL_BE16TOH 1
| #define HAVE_DECL_BE32TOH 1
| #define HAVE_DECL_BE64TOH 1
| #define HAVE_DECL_HTOBE16 1
| #define HAVE_DECL_HTOBE32 1
| #define HAVE_DECL_HTOBE64 1
| #define HAVE_DECL_BSWAP_16 1
| #define HAVE_DECL_BSWAP_32 1
| #define HAVE_DECL_BSWAP_64 1
| #define HAVE_MSG_NOSIGNAL 1
| #define HAVE_VISIBILITY_ATTRIBUTE 1
| /* end confdefs.h.  */
| 
|   #include <boost/thread/thread.hpp>
|   #include <boost/version.hpp>
| 
| int
| main (void)
| {
| 
|   #if BOOST_VERSION >= 105000 && (!defined(BOOST_HAS_NANOSLEEP) || BOOST_VERSION >= 105200)
|       boost::this_thread::sleep_for(boost::chrono::milliseconds(0));
|   #else
|    choke me
|   #endif
| 
|   ;
|   return 0;
| }
configure:30368: g++ -o conftest -g -O2 -Wall -Wextra -Wformat -Wformat-security -Wno-unused-parameter  -DHAVE_BUILD_INFO -D__STDC_FORMAT_MACROS -I/include/boost-0  conftest.cpp -L/lib64       >&5
conftest.cpp:57:12: fatal error: boost/version.hpp: No such file or directory
   57 |   #include <boost/version.hpp>
      |            ^~~~~~~~~~~~~~~~~~~
compilation terminated.
configure:30368: $? = 1
configure: failed program was:
| /* confdefs.h */
| #define PACKAGE_NAME "AIB Core"
| #define PACKAGE_TARNAME "AIB"
| #define PACKAGE_VERSION "5.13.3"
| #define PACKAGE_STRING "AIB Core 5.13.3"
| #define PACKAGE_BUGREPORT "https://github.com/iobond/aib/issues"
| #define PACKAGE_URL "https://aib.one/"
| #define HAVE_CXX11 1
| #define HAVE_STDIO_H 1
| #define HAVE_STDLIB_H 1
| #define HAVE_STRING_H 1
| #define HAVE_INTTYPES_H 1
| #define HAVE_STDINT_H 1
| #define HAVE_STRINGS_H 1
| #define HAVE_SYS_STAT_H 1
| #define HAVE_SYS_TYPES_H 1
| #define HAVE_UNISTD_H 1
| #define STDC_HEADERS 1
| #define HAVE_DLFCN_H 1
| #define LT_OBJDIR ".libs/"
| #define HAVE_PTHREAD_PRIO_INHERIT 1
| #define HAVE_PTHREAD 1
| #define HAVE_DECL_STRERROR_R 1
| #define HAVE_STRERROR_R 1
| #define STRERROR_R_CHAR_P 1
| #define HAVE_FUNC_ATTRIBUTE_VISIBILITY 1
| #define HAVE_ENDIAN_H 1
| #define HAVE_BYTESWAP_H 1
| #define HAVE_STDIO_H 1
| #define HAVE_STDLIB_H 1
| #define HAVE_UNISTD_H 1
| #define HAVE_STRINGS_H 1
| #define HAVE_SYS_TYPES_H 1
| #define HAVE_SYS_STAT_H 1
| #define HAVE_SYS_SELECT_H 1
| #define HAVE_SYS_PRCTL_H 1
| #define HAVE_DECL_STRNLEN 1
| #define HAVE_DECL_LE16TOH 1
| #define HAVE_DECL_LE32TOH 1
| #define HAVE_DECL_LE64TOH 1
| #define HAVE_DECL_HTOLE16 1
| #define HAVE_DECL_HTOLE32 1
| #define HAVE_DECL_HTOLE64 1
| #define HAVE_DECL_BE16TOH 1
| #define HAVE_DECL_BE32TOH 1
| #define HAVE_DECL_BE64TOH 1
| #define HAVE_DECL_HTOBE16 1
| #define HAVE_DECL_HTOBE32 1
| #define HAVE_DECL_HTOBE64 1
| #define HAVE_DECL_BSWAP_16 1
| #define HAVE_DECL_BSWAP_32 1
| #define HAVE_DECL_BSWAP_64 1
| #define HAVE_MSG_NOSIGNAL 1
| #define HAVE_VISIBILITY_ATTRIBUTE 1
| /* end confdefs.h.  */
| 
|   #include <boost/version.hpp>
|   #include <boost/thread.hpp>
|   #include <boost/date_time/posix_time/posix_time_types.hpp>
| 
| int
| main (void)
| {
| 
|   #if BOOST_VERSION <= 105600
|       boost::this_thread::sleep(boost::posix_time::milliseconds(0));
|   #else
|    choke me
|   #endif
| 
|   ;
|   return 0;
| }
configure:30383: error: No working boost sleep implementation found.

## ---------------- ##
## Cache variables. ##
## ---------------- ##

ac_cv_build=x86_64-pc-linux-gnu
ac_cv_c_bigendian=no
ac_cv_c_compiler_gnu=yes
ac_cv_cxx_compiler_gnu=yes
ac_cv_cxx_undeclared_builtin_options='none needed'
ac_cv_env_CCC_set=
ac_cv_env_CCC_value=
ac_cv_env_CC_set=
ac_cv_env_CC_value=
ac_cv_env_CFLAGS_set=
ac_cv_env_CFLAGS_value=
ac_cv_env_CPPFLAGS_set=
ac_cv_env_CPPFLAGS_value=
ac_cv_env_CPP_set=
ac_cv_env_CPP_value=
ac_cv_env_CRYPTO_CFLAGS_set=
ac_cv_env_CRYPTO_CFLAGS_value=
ac_cv_env_CRYPTO_LIBS_set=
ac_cv_env_CRYPTO_LIBS_value=
ac_cv_env_CXXCPP_set=
ac_cv_env_CXXCPP_value=
ac_cv_env_CXXFLAGS_set=
ac_cv_env_CXXFLAGS_value=
ac_cv_env_CXX_set=
ac_cv_env_CXX_value=
ac_cv_env_EVENT_CFLAGS_set=
ac_cv_env_EVENT_CFLAGS_value=
ac_cv_env_EVENT_LIBS_set=
ac_cv_env_EVENT_LIBS_value=
ac_cv_env_EVENT_PTHREADS_CFLAGS_set=
ac_cv_env_EVENT_PTHREADS_CFLAGS_value=
ac_cv_env_EVENT_PTHREADS_LIBS_set=
ac_cv_env_EVENT_PTHREADS_LIBS_value=
ac_cv_env_LDFLAGS_set=
ac_cv_env_LDFLAGS_value=
ac_cv_env_LIBS_set=
ac_cv_env_LIBS_value=
ac_cv_env_LT_SYS_LIBRARY_PATH_set=
ac_cv_env_LT_SYS_LIBRARY_PATH_value=
ac_cv_env_OBJCXXFLAGS_set=
ac_cv_env_OBJCXXFLAGS_value=
ac_cv_env_OBJCXX_set=
ac_cv_env_OBJCXX_value=
ac_cv_env_PKG_CONFIG_LIBDIR_set=
ac_cv_env_PKG_CONFIG_LIBDIR_value=
ac_cv_env_PKG_CONFIG_PATH_set=
ac_cv_env_PKG_CONFIG_PATH_value=
ac_cv_env_PKG_CONFIG_set=
ac_cv_env_PKG_CONFIG_value=
ac_cv_env_PROTOBUF_CFLAGS_set=
ac_cv_env_PROTOBUF_CFLAGS_value=
ac_cv_env_PROTOBUF_LIBS_set=
ac_cv_env_PROTOBUF_LIBS_value=
ac_cv_env_PYTHONPATH_set=
ac_cv_env_PYTHONPATH_value=
ac_cv_env_QR_CFLAGS_set=
ac_cv_env_QR_CFLAGS_value=
ac_cv_env_QR_LIBS_set=
ac_cv_env_QR_LIBS_value=
ac_cv_env_QTPLATFORM_CFLAGS_set=
ac_cv_env_QTPLATFORM_CFLAGS_value=
ac_cv_env_QTPLATFORM_LIBS_set=
ac_cv_env_QTPLATFORM_LIBS_value=
ac_cv_env_QTPRINT_CFLAGS_set=
ac_cv_env_QTPRINT_CFLAGS_value=
ac_cv_env_QTPRINT_LIBS_set=
ac_cv_env_QTPRINT_LIBS_value=
ac_cv_env_QTXCBQPA_CFLAGS_set=
ac_cv_env_QTXCBQPA_CFLAGS_value=
ac_cv_env_QTXCBQPA_LIBS_set=
ac_cv_env_QTXCBQPA_LIBS_value=
ac_cv_env_QT_CFLAGS_set=
ac_cv_env_QT_CFLAGS_value=
ac_cv_env_QT_DBUS_CFLAGS_set=
ac_cv_env_QT_DBUS_CFLAGS_value=
ac_cv_env_QT_DBUS_LIBS_set=
ac_cv_env_QT_DBUS_LIBS_value=
ac_cv_env_QT_LIBS_set=
ac_cv_env_QT_LIBS_value=
ac_cv_env_QT_TEST_CFLAGS_set=
ac_cv_env_QT_TEST_CFLAGS_value=
ac_cv_env_QT_TEST_LIBS_set=
ac_cv_env_QT_TEST_LIBS_value=
ac_cv_env_SSL_CFLAGS_set=
ac_cv_env_SSL_CFLAGS_value=
ac_cv_env_SSL_LIBS_set=
ac_cv_env_SSL_LIBS_value=
ac_cv_env_UNIVALUE_CFLAGS_set=
ac_cv_env_UNIVALUE_CFLAGS_value=
ac_cv_env_UNIVALUE_LIBS_set=
ac_cv_env_UNIVALUE_LIBS_value=
ac_cv_env_X11XCB_CFLAGS_set=
ac_cv_env_X11XCB_CFLAGS_value=
ac_cv_env_X11XCB_LIBS_set=
ac_cv_env_X11XCB_LIBS_value=
ac_cv_env_ZMQ_CFLAGS_set=
ac_cv_env_ZMQ_CFLAGS_value=
ac_cv_env_ZMQ_LIBS_set=
ac_cv_env_ZMQ_LIBS_value=
ac_cv_env_build_alias_set=
ac_cv_env_build_alias_value=
ac_cv_env_host_alias_set=
ac_cv_env_host_alias_value=
ac_cv_env_target_alias_set=
ac_cv_env_target_alias_value=
ac_cv_func_strerror_r_char_p=yes
ac_cv_have_decl_be16toh=yes
ac_cv_have_decl_be32toh=yes
ac_cv_have_decl_be64toh=yes
ac_cv_have_decl_bswap_16=yes
ac_cv_have_decl_bswap_32=yes
ac_cv_have_decl_bswap_64=yes
ac_cv_have_decl_htobe16=yes
ac_cv_have_decl_htobe32=yes
ac_cv_have_decl_htobe64=yes
ac_cv_have_decl_htole16=yes
ac_cv_have_decl_htole32=yes
ac_cv_have_decl_htole64=yes
ac_cv_have_decl_le16toh=yes
ac_cv_have_decl_le32toh=yes
ac_cv_have_decl_le64toh=yes
ac_cv_have_decl_strerror_r=yes
ac_cv_have_decl_strnlen=yes
ac_cv_header_byteswap_h=yes
ac_cv_header_dlfcn_h=yes
ac_cv_header_endian_h=yes
ac_cv_header_inttypes_h=yes
ac_cv_header_stdint_h=yes
ac_cv_header_stdio_h=yes
ac_cv_header_stdlib_h=yes
ac_cv_header_string_h=yes
ac_cv_header_strings_h=yes
ac_cv_header_sys_endian_h=no
ac_cv_header_sys_prctl_h=yes
ac_cv_header_sys_select_h=yes
ac_cv_header_sys_stat_h=yes
ac_cv_header_sys_types_h=yes
ac_cv_header_unistd_h=yes
ac_cv_host=x86_64-pc-linux-gnu
ac_cv_objcxx_compiler_gnu=no
ac_cv_objext=o
ac_cv_path_EGREP='/usr/bin/grep -E'
ac_cv_path_FGREP='/usr/bin/grep -F'
ac_cv_path_GIT=/usr/bin/git
ac_cv_path_GREP=/usr/bin/grep
ac_cv_path_PYTHON=/usr/bin/python3
ac_cv_path_SED=/usr/bin/sed
ac_cv_path_ac_pt_AR=/usr/bin/ar
ac_cv_path_ac_pt_CPPFILT=/usr/bin/c++filt
ac_cv_path_ac_pt_GCOV=/usr/bin/gcov
ac_cv_path_ac_pt_OBJCOPY=/usr/bin/objcopy
ac_cv_path_ac_pt_PKG_CONFIG=/usr/bin/pkg-config
ac_cv_path_ac_pt_RANLIB=/usr/bin/ranlib
ac_cv_path_ac_pt_READELF=/usr/bin/readelf
ac_cv_path_ac_pt_STRIP=/usr/bin/strip
ac_cv_path_install='/usr/bin/install -c'
ac_cv_path_lt_DD=/usr/bin/dd
ac_cv_path_mkdir=/usr/bin/mkdir
ac_cv_prog_AWK=mawk
ac_cv_prog_CPP='gcc -E'
ac_cv_prog_CXXCPP='g++ -E'
ac_cv_prog_ac_ct_AR=ar
ac_cv_prog_ac_ct_CC=gcc
ac_cv_prog_ac_ct_CXX=g++
ac_cv_prog_ac_ct_FILECMD=file
ac_cv_prog_ac_ct_OBJDUMP=objdump
ac_cv_prog_ac_ct_RANLIB=ranlib
ac_cv_prog_ac_ct_STRIP=strip
ac_cv_prog_cc_c11=
ac_cv_prog_cc_g=yes
ac_cv_prog_cc_stdc=
ac_cv_prog_cxx_cxx11=
ac_cv_prog_cxx_g=yes
ac_cv_prog_cxx_stdcxx=
ac_cv_prog_make_make_set=yes
ac_cv_prog_objcxx_g=no
ac_cv_search_clock_gettime='none required'
ac_cv_sys_file_offset_bits=no
ac_cv_sys_largefile_CC=no
am_cv_CC_dependencies_compiler_type=gcc3
am_cv_CXX_dependencies_compiler_type=gcc3
am_cv_OBJCXX_dependencies_compiler_type=gcc3
am_cv_make_support_nested_variables=yes
am_cv_prog_cc_c_o=yes
ax_cv_PTHREAD_CLANG=no
ax_cv_PTHREAD_JOINABLE_ATTR=PTHREAD_CREATE_JOINABLE
ax_cv_PTHREAD_PRIO_INHERIT=yes
ax_cv_PTHREAD_SPECIAL_FLAGS=no
ax_cv_boost_chrono=no
ax_cv_boost_filesystem=no
ax_cv_boost_program_options=no
ax_cv_boost_system=no
ax_cv_boost_thread=no
ax_cv_check_cxxcppflags___D_FORTIFY_SOURCE_2=yes
ax_cv_check_cxxcppflags___U_FORTIFY_SOURCE=yes
ax_cv_check_cxxflags__Wall=yes
ax_cv_check_cxxflags__Wdeprecated_register=no
ax_cv_check_cxxflags__Wextra=yes
ax_cv_check_cxxflags__Wformat=yes
ax_cv_check_cxxflags__Wformat_security=yes
ax_cv_check_cxxflags__Wself_assign=no
ax_cv_check_cxxflags__Wunused_local_typedef=no
ax_cv_check_cxxflags__Wunused_parameter=yes
ax_cv_check_cxxflags___Werror=yes
ax_cv_check_cxxflags___Wstack_protector=yes
ax_cv_check_cxxflags___fPIC=yes
ax_cv_check_cxxflags___fPIE=yes
ax_cv_check_cxxflags___fstack_protector_all=yes
ax_cv_check_ldflags___Wl___dynamicbase=no
ax_cv_check_ldflags___Wl___large_address_aware=no
ax_cv_check_ldflags___Wl___nxcompat=no
ax_cv_check_ldflags___Wl__z_now=yes
ax_cv_check_ldflags___Wl__z_relro=yes
ax_cv_check_ldflags___pie=yes
ax_cv_cxx_compile_cxx11=yes
ax_cv_have_func_attribute_dllexport=no
ax_cv_have_func_attribute_dllimport=no
ax_cv_have_func_attribute_visibility=yes
lt_cv_ar_at_file=@
lt_cv_archive_cmds_need_lc=no
lt_cv_deplibs_check_method=pass_all
lt_cv_file_magic_cmd='$MAGIC_CMD'
lt_cv_file_magic_test_file=
lt_cv_ld_reload_flag=-r
lt_cv_nm_interface='BSD nm'
lt_cv_objdir=.libs
lt_cv_path_LD=/usr/bin/ld
lt_cv_path_LDCXX='/usr/bin/ld -m elf_x86_64'
lt_cv_path_NM='/usr/bin/nm -B'
lt_cv_path_mainfest_tool=no
lt_cv_prog_compiler_c_o=yes
lt_cv_prog_compiler_c_o_CXX=yes
lt_cv_prog_compiler_pic='-fPIC -DPIC'
lt_cv_prog_compiler_pic_CXX='-fPIC -DPIC'
lt_cv_prog_compiler_pic_works=yes
lt_cv_prog_compiler_pic_works_CXX=yes
lt_cv_prog_compiler_rtti_exceptions=no
lt_cv_prog_compiler_static_works=yes
lt_cv_prog_compiler_static_works_CXX=yes
lt_cv_prog_gnu_ld=yes
lt_cv_prog_gnu_ldcxx=yes
lt_cv_sharedlib_from_linklib_cmd='printf %s\n'
lt_cv_shlibpath_overrides_runpath=yes
lt_cv_sys_global_symbol_pipe='/usr/bin/sed -n -e '\''s/^.*[	 ]\([ABCDGIRSTW][ABCDGIRSTW]*\)[	 ][	 ]*\([_A-Za-z][_A-Za-z0-9]*\)$/\1 \2 \2/p'\'' | /usr/bin/sed '\''/ __gnu_lto/d'\'''
lt_cv_sys_global_symbol_to_c_name_address='/usr/bin/sed -n -e '\''s/^: \(.*\) .*$/  {"\1", (void *) 0},/p'\'' -e '\''s/^[ABCDGIRSTW][ABCDGIRSTW]* .* \(.*\)$/  {"\1", (void *) \&\1},/p'\'''
lt_cv_sys_global_symbol_to_c_name_address_lib_prefix='/usr/bin/sed -n -e '\''s/^: \(.*\) .*$/  {"\1", (void *) 0},/p'\'' -e '\''s/^[ABCDGIRSTW][ABCDGIRSTW]* .* \(lib.*\)$/  {"\1", (void *) \&\1},/p'\'' -e '\''s/^[ABCDGIRSTW][ABCDGIRSTW]* .* \(.*\)$/  {"lib\1", (void *) \&\1},/p'\'''
lt_cv_sys_global_symbol_to_cdecl='/usr/bin/sed -n -e '\''s/^T .* \(.*\)$/extern int \1();/p'\'' -e '\''s/^[ABCDGIRSTW][ABCDGIRSTW]* .* \(.*\)$/extern char \1;/p'\'''
lt_cv_sys_global_symbol_to_import=
lt_cv_sys_max_cmd_len=1572864
lt_cv_to_host_file_cmd=func_convert_file_noop
lt_cv_to_tool_file_cmd=func_convert_file_noop
lt_cv_truncate_bin='/usr/bin/dd bs=4096 count=1'

## ----------------- ##
## Output variables. ##
## ----------------- ##

ACLOCAL='${SHELL} '\''/home/temple/daydream/projects/032-aib-maintenance/build-aux/missing'\'' aclocal-1.16'
AMDEPBACKSLASH='\'
AMDEP_FALSE='#'
AMDEP_TRUE=''
AMTAR='$${TAR-tar}'
AM_BACKSLASH='\'
AM_DEFAULT_V='$(AM_DEFAULT_VERBOSITY)'
AM_DEFAULT_VERBOSITY='0'
AM_V='$(V)'
AR='/usr/bin/ar'
AUTOCONF='${SHELL} '\''/home/temple/daydream/projects/032-aib-maintenance/build-aux/missing'\'' autoconf'
AUTOHEADER='${SHELL} '\''/home/temple/daydream/projects/032-aib-maintenance/build-aux/missing'\'' autoheader'
AUTOMAKE='${SHELL} '\''/home/temple/daydream/projects/032-aib-maintenance/build-aux/missing'\'' automake-1.16'
AWK='mawk'
BDB_CPPFLAGS=''
BDB_LIBS=''
BITCOIN_CLI_NAME='aib-cli'
BITCOIN_DAEMON_NAME='aibd'
BITCOIN_GUI_NAME='aib-qt'
BITCOIN_TX_NAME='aib-tx'
BOOST_CHRONO_LIB=''
BOOST_CPPFLAGS='-I/include/boost-0'
BOOST_FILESYSTEM_LIB=''
BOOST_LDFLAGS='-L/lib64'
BOOST_LIBS='-L/lib64     '
BOOST_PROGRAM_OPTIONS_LIB=''
BOOST_SYSTEM_LIB=''
BOOST_THREAD_LIB=''
BOOST_UNIT_TEST_FRAMEWORK_LIB=''
BREW=''
BUILD_BITCOIND_FALSE=''
BUILD_BITCOIND_TRUE=''
BUILD_BITCOIN_LIBS_FALSE=''
BUILD_BITCOIN_LIBS_TRUE=''
BUILD_BITCOIN_UTILS_FALSE=''
BUILD_BITCOIN_UTILS_TRUE=''
BUILD_DARWIN_FALSE=''
BUILD_DARWIN_TRUE=''
CC='gcc'
CCACHE=''
CCDEPMODE='depmode=gcc3'
CFLAGS='-g -O2'
CLIENT_VERSION_BUILD=''
CLIENT_VERSION_IS_RELEASE=''
CLIENT_VERSION_MAJOR=''
CLIENT_VERSION_MINOR=''
CLIENT_VERSION_REVISION=''
COMPARISON_TOOL_REORG_TESTS='0'
COPYRIGHT_HOLDERS=''
COPYRIGHT_HOLDERS_FINAL=''
COPYRIGHT_HOLDERS_SUBSTITUTION=''
COPYRIGHT_YEAR=''
CPP='gcc -E'
CPPFILT='/usr/bin/c++filt'
CPPFLAGS=' -DHAVE_BUILD_INFO -D__STDC_FORMAT_MACROS'
CRYPTO_CFLAGS=''
CRYPTO_LIBS=''
CSCOPE='cscope'
CTAGS='ctags'
CXX='g++'
CXXCPP='g++ -E'
CXXDEPMODE='depmode=gcc3'
CXXFLAGS='-g -O2 -Wall -Wextra -Wformat -Wformat-security -Wno-unused-parameter'
CYGPATH_W='echo'
DEFS=''
DEPDIR='.deps'
DLLTOOL='false'
DSYMUTIL=''
DUMPBIN=''
ECHO_C=''
ECHO_N='-n'
ECHO_T=''
EGREP='/usr/bin/grep -E'
EMBEDDED_LEVELDB_FALSE='#'
EMBEDDED_LEVELDB_TRUE=''
EMBEDDED_UNIVALUE_FALSE=''
EMBEDDED_UNIVALUE_TRUE=''
ENABLE_BENCH_FALSE=''
ENABLE_BENCH_TRUE=''
ENABLE_QT_FALSE=''
ENABLE_QT_TESTS_FALSE=''
ENABLE_QT_TESTS_TRUE=''
ENABLE_QT_TRUE=''
ENABLE_TESTS_FALSE=''
ENABLE_TESTS_TRUE=''
ENABLE_WALLET_FALSE=''
ENABLE_WALLET_TRUE=''
ENABLE_ZMQ_FALSE=''
ENABLE_ZMQ_TRUE=''
ETAGS='etags'
EVENT_CFLAGS=''
EVENT_LIBS=''
EVENT_PTHREADS_CFLAGS=''
EVENT_PTHREADS_LIBS=''
EXEEXT=''
EXTENDED_RPC_TESTS=''
FGREP='/usr/bin/grep -F'
FILECMD='file'
GCOV='/usr/bin/gcov'
GENHTML=''
GENISOIMAGE=''
GIT='/usr/bin/git'
GLIBC_BACK_COMPAT_FALSE=''
GLIBC_BACK_COMPAT_TRUE=''
GREP='/usr/bin/grep'
HARDENED_CPPFLAGS=' -U_FORTIFY_SOURCE -D_FORTIFY_SOURCE=2'
HARDENED_CXXFLAGS=' -Wstack-protector -fstack-protector-all'
HARDENED_LDFLAGS=' -Wl,-z,relro -Wl,-z,now -pie'
HARDEN_FALSE=''
HARDEN_TRUE=''
HAVE_CXX11='1'
HEXDUMP=''
IMAGEMAGICK_CONVERT=''
INSTALLNAMETOOL=''
INSTALL_DATA='${INSTALL} -m 644'
INSTALL_PROGRAM='${INSTALL}'
INSTALL_SCRIPT='${INSTALL}'
INSTALL_STRIP_PROGRAM='$(install_sh) -c -s'
JAVA=''
JAVA_COMPARISON_TOOL=''
LCOV=''
LD='/usr/bin/ld -m elf_x86_64'
LDFLAGS=''
LEVELDB_CPPFLAGS=''
LEVELDB_TARGET_FLAGS='-DOS_LINUX'
LIBLEVELDB=''
LIBMEMENV=''
LIBOBJS=''
LIBS=''
LIBTOOL='$(SHELL) $(top_builddir)/libtool'
LIBTOOL_APP_LDFLAGS=''
LIPO=''
LN_S='ln -s'
LRELEASE=''
LTLIBOBJS=''
LT_SYS_LIBRARY_PATH=''
LUPDATE=''
MAINT=''
MAINTAINER_MODE_FALSE='#'
MAINTAINER_MODE_TRUE=''
MAKEINFO='${SHELL} '\''/home/temple/daydream/projects/032-aib-maintenance/build-aux/missing'\'' makeinfo'
MAKENSIS=''
MANIFEST_TOOL=':'
MINIUPNPC_CPPFLAGS=''
MINIUPNPC_LIBS=''
MKDIR_P='/usr/bin/mkdir -p'
MOC=''
MOC_DEFS='-DHAVE_CONFIG_H -I$(srcdir)'
NM='/usr/bin/nm -B'
NMEDIT=''
OBJCOPY='/usr/bin/objcopy'
OBJCXX='g++'
OBJCXXDEPMODE='depmode=gcc3'
OBJCXXFLAGS=''
OBJDUMP='objdump'
OBJEXT='o'
OTOOL64=''
OTOOL=''
PACKAGE='AIB'
PACKAGE_BUGREPORT='https://github.com/iobond/aib/issues'
PACKAGE_NAME='AIB Core'
PACKAGE_STRING='AIB Core 5.13.3'
PACKAGE_TARNAME='AIB'
PACKAGE_URL='https://aib.one/'
PACKAGE_VERSION='5.13.3'
PATH_SEPARATOR=':'
PIC_FLAGS='-fPIC'
PIE_FLAGS='-fPIE'
PKG_CONFIG='/usr/bin/pkg-config'
PKG_CONFIG_LIBDIR=''
PKG_CONFIG_PATH=''
PORT=''
PROTOBUF_CFLAGS=''
PROTOBUF_LIBS=''
PROTOC=''
PTHREAD_CC='gcc'
PTHREAD_CFLAGS='-pthread'
PTHREAD_LIBS=''
PYTHON='/usr/bin/python3'
PYTHONPATH=''
QR_CFLAGS=''
QR_LIBS=''
QTPLATFORM_CFLAGS=''
QTPLATFORM_LIBS=''
QTPRINT_CFLAGS=''
QTPRINT_LIBS=''
QTXCBQPA_CFLAGS=''
QTXCBQPA_LIBS=''
QT_CFLAGS=''
QT_DBUS_CFLAGS=''
QT_DBUS_INCLUDES=''
QT_DBUS_LIBS=''
QT_INCLUDES=''
QT_LDFLAGS=''
QT_LIBS=''
QT_PIE_FLAGS=''
QT_SELECT='qt'
QT_TEST_CFLAGS=''
QT_TEST_INCLUDES=''
QT_TEST_LIBS=''
QT_TRANSLATION_DIR=''
RANLIB='/usr/bin/ranlib'
RCC=''
READELF='/usr/bin/readelf'
RELDFLAGS=''
RSVG_CONVERT=''
SED='/usr/bin/sed'
SET_MAKE=''
SHELL='/bin/bash'
SSL_CFLAGS=''
SSL_LIBS=''
STRIP='/usr/bin/strip'
TARGET_DARWIN_FALSE=''
TARGET_DARWIN_TRUE=''
TARGET_WINDOWS_FALSE=''
TARGET_WINDOWS_TRUE=''
TESTDEFS=''
TIFFCP=''
UIC=''
UNIVALUE_CFLAGS=''
UNIVALUE_LIBS=''
USE_COMPARISON_TOOL_FALSE=''
USE_COMPARISON_TOOL_REORG_TESTS_FALSE=''
USE_COMPARISON_TOOL_REORG_TESTS_TRUE=''
USE_COMPARISON_TOOL_TRUE=''
USE_LCOV_FALSE=''
USE_LCOV_TRUE=''
USE_QRCODE=''
USE_QRCODE_FALSE=''
USE_QRCODE_TRUE=''
USE_SSE2=''
USE_SSE2_FALSE=''
USE_SSE2_TRUE=''
USE_UPNP=''
VERSION='5.13.3'
WINDOWS_BITS=''
WINDRES=''
X11XCB_CFLAGS=''
X11XCB_LIBS=''
XGETTEXT=''
ZMQ_CFLAGS=''
ZMQ_LIBS=''
ac_ct_AR='ar'
ac_ct_CC='gcc'
ac_ct_CXX='g++'
ac_ct_DUMPBIN=''
ac_ct_OBJCXX=''
am__EXEEXT_FALSE=''
am__EXEEXT_TRUE=''
am__fastdepCC_FALSE='#'
am__fastdepCC_TRUE=''
am__fastdepCXX_FALSE='#'
am__fastdepCXX_TRUE=''
am__fastdepOBJCXX_FALSE='#'
am__fastdepOBJCXX_TRUE=''
am__include='include'
am__isrc=''
am__leading_dot='.'
am__nodep='_no'
am__quote=''
am__tar='$${TAR-tar} chof - "$$tardir"'
am__untar='$${TAR-tar} xf -'
ax_pthread_config=''
bindir='${exec_prefix}/bin'
build='x86_64-pc-linux-gnu'
build_alias=''
build_cpu='x86_64'
build_os='linux-gnu'
build_vendor='pc'
datadir='${datarootdir}'
datarootdir='${prefix}/share'
docdir='${datarootdir}/doc/${PACKAGE_TARNAME}'
dvidir='${docdir}'
exec_prefix='NONE'
host='x86_64-pc-linux-gnu'
host_alias=''
host_cpu='x86_64'
host_os='linux-gnu'
host_vendor='pc'
htmldir='${docdir}'
includedir='${prefix}/include'
infodir='${datarootdir}/info'
install_sh='${SHELL} /home/temple/daydream/projects/032-aib-maintenance/build-aux/install-sh'
libdir='${exec_prefix}/lib'
libexecdir='${exec_prefix}/libexec'
localedir='${datarootdir}/locale'
localstatedir='${prefix}/var'
mandir='${datarootdir}/man'
mkdir_p='$(MKDIR_P)'
oldincludedir='/usr/include'
pdfdir='${docdir}'
prefix='NONE'
program_transform_name='s,x,x,'
psdir='${docdir}'
runstatedir='${localstatedir}/run'
sbindir='${exec_prefix}/sbin'
sharedstatedir='${prefix}/com'
subdirs=''
sysconfdir='${prefix}/etc'
target_alias=''

## ----------- ##
## confdefs.h. ##
## ----------- ##

/* confdefs.h */
#define PACKAGE_NAME "AIB Core"
#define PACKAGE_TARNAME "AIB"
#define PACKAGE_VERSION "5.13.3"
#define PACKAGE_STRING "AIB Core 5.13.3"
#define PACKAGE_BUGREPORT "https://github.com/iobond/aib/issues"
#define PACKAGE_URL "https://aib.one/"
#define HAVE_CXX11 1
#define HAVE_STDIO_H 1
#define HAVE_STDLIB_H 1
#define HAVE_STRING_H 1
#define HAVE_INTTYPES_H 1
#define HAVE_STDINT_H 1
#define HAVE_STRINGS_H 1
#define HAVE_SYS_STAT_H 1
#define HAVE_SYS_TYPES_H 1
#define HAVE_UNISTD_H 1
#define STDC_HEADERS 1
#define HAVE_DLFCN_H 1
#define LT_OBJDIR ".libs/"
#define HAVE_PTHREAD_PRIO_INHERIT 1
#define HAVE_PTHREAD 1
#define HAVE_DECL_STRERROR_R 1
#define HAVE_STRERROR_R 1
#define STRERROR_R_CHAR_P 1
#define HAVE_FUNC_ATTRIBUTE_VISIBILITY 1
#define HAVE_ENDIAN_H 1
#define HAVE_BYTESWAP_H 1
#define HAVE_STDIO_H 1
#define HAVE_STDLIB_H 1
#define HAVE_UNISTD_H 1
#define HAVE_STRINGS_H 1
#define HAVE_SYS_TYPES_H 1
#define HAVE_SYS_STAT_H 1
#define HAVE_SYS_SELECT_H 1
#define HAVE_SYS_PRCTL_H 1
#define HAVE_DECL_STRNLEN 1
#define HAVE_DECL_LE16TOH 1
#define HAVE_DECL_LE32TOH 1
#define HAVE_DECL_LE64TOH 1
#define HAVE_DECL_HTOLE16 1
#define HAVE_DECL_HTOLE32 1
#define HAVE_DECL_HTOLE64 1
#define HAVE_DECL_BE16TOH 1
#define HAVE_DECL_BE32TOH 1
#define HAVE_DECL_BE64TOH 1
#define HAVE_DECL_HTOBE16 1
#define HAVE_DECL_HTOBE32 1
#define HAVE_DECL_HTOBE64 1
#define HAVE_DECL_BSWAP_16 1
#define HAVE_DECL_BSWAP_32 1
#define HAVE_DECL_BSWAP_64 1
#define HAVE_MSG_NOSIGNAL 1
#define HAVE_VISIBILITY_ATTRIBUTE 1

configure: exit 1
